<html>
<body>
<pre>
<h1>µVision Build Log</h1>
<h2>Tool Versions:</h2>
IDE-Version: ¦ÌVision V5.14.0.0
Copyright (C) 2015 ARM Ltd and ARM Germany GmbH. All rights reserved.
License Information:  ,  , LIC=ZB48T-RXL6D-EUR4R-K1XVW-85HIG-V7T72
 
Tool Versions:
Toolchain:       MDK-ARM Standard  Version: 5.14.0.0
Toolchain Path:  E:\keil5\ARM\ARMCC\Bin
C Compiler:      Armcc.exe V5.05 update 1 (build 106)
Assembler:       Armasm.exe V5.05 update 1 (build 106)
Linker/Locator:  ArmLink.exe V5.05 update 1 (build 106)
Library Manager: ArmAr.exe V5.05 update 1 (build 106)
Hex Converter:   FromElf.exe V5.05 update 1 (build 106)
CPU DLL:         SARMCM3.DLL V5.14.0.0
Dialog DLL:      DCM.DLL V1.13.1.0
Target DLL:      STLink\ST-LINKIII-KEIL_SWO.dll V2.0.14.0_KEIL
Dialog DLL:      TCM.DLL V1.14.4.0
 
<h2>Project:</h2>
E:\2017-RoboMasters\Ó¢ÐÛ¸±°å-ÓàöÎ-ÐÅÑö°å 5.13\USER\CAN.uvprojx
Project File Date:  04/29/2017

<h2>Output:</h2>
Build target 'Hero Assistant'
compiling main.c...
compiling led.c...
compiling can.c...
compiling pwm.c...
compiling timer.c...
compiling exti.c...
compiling usart.c...
compiling control.c...
compiling keyboard.c...
compiling imu.c...
linking...
Program Size: Code=28452 RO-data=480 RW-data=188 ZI-data=2516  
FromELF: creating hex file...
"..\OBJ\CAN.axf" - 0 Error(s), 0 Warning(s).

<h2>Collection of Component include folders:</h2>
  E:\2017-RoboMasters\Ó¢ÐÛ¸±°å-ÓàöÎ-ÐÅÑö°å 5.13\USER\RTE
  E:\keil5\ARM\PACK\Keil\STM32F4xx_DFP\1.0.8\Device\Include

<h2>Collection of Component Files used:</h2>
</pre>
</body>
</html>
