Component: ARM Compiler 5.05 update 1 (build 106) Tool: armlink [4d0efa]

==============================================================================

Section Cross References

    main.o(.text) refers to misc.o(.text) for NVIC_PriorityGroupConfig
    main.o(.text) refers to delay.o(.text) for delay_init
    main.o(.text) refers to usart.o(.text) for uart_init
    main.o(.text) refers to led.o(.text) for LED_Init
    main.o(.text) refers to timer.o(.text) for TIM3_Int_Init
    main.o(.text) refers to control.o(.text) for Date_Init
    main.o(.text) refers to spi.o(.text) for SPI5_Init
    main.o(.text) refers to imu.o(.text) for MPU6500_Init
    main.o(.text) refers to pwm.o(.text) for ALL_PWM_Init
    main.o(.text) refers to can.o(.text) for CAN1_Init
    main.o(.text) refers to key.o(.text) for KEY_Init
    main.o(.text) refers to keyboard.o(.text) for VideoRelay_Init
    main.o(.text) refers to pid.o(.text) for PID_Init
    main.o(.text) refers to pid.o(.bss) for CM1_Robust_Pid
    main.o(.text) refers to exti.o(.data) for key
    system_stm32f4xx.o(.text) refers to system_stm32f4xx.o(.data) for SystemCoreClock
    led.o(.text) refers to stm32f4xx_rcc.o(.text) for RCC_AHB1PeriphClockCmd
    led.o(.text) refers to stm32f4xx_gpio.o(.text) for GPIO_Init
    led.o(.text) refers to led.o(.data) for LED_PointStatu
    led.o(.text) refers to timer.o(.data) for TimeCount_Common
    key.o(.text) refers to stm32f4xx_rcc.o(.text) for RCC_AHB1PeriphClockCmd
    key.o(.text) refers to stm32f4xx_gpio.o(.text) for GPIO_Init
    key.o(.text) refers to delay.o(.text) for delay_ms
    key.o(.text) refers to key.o(.data) for key_up
    can.o(.text) refers to stm32f4xx_rcc.o(.text) for RCC_AHB1PeriphClockCmd
    can.o(.text) refers to stm32f4xx_gpio.o(.text) for GPIO_Init
    can.o(.text) refers to stm32f4xx_can.o(.text) for CAN_Init
    can.o(.text) refers to misc.o(.text) for NVIC_Init
    can.o(.text) refers to can.o(.bss) for CM1_Speed_Feedback
    pwm.o(.text) refers to stm32f4xx_rcc.o(.text) for RCC_APB1PeriphClockCmd
    pwm.o(.text) refers to stm32f4xx_gpio.o(.text) for GPIO_PinAFConfig
    pwm.o(.text) refers to stm32f4xx_tim.o(.text) for TIM_TimeBaseInit
    pwm.o(.text) refers to control.o(.text) for GetWorkState
    timer.o(.text) refers to stm32f4xx_rcc.o(.text) for RCC_APB1PeriphClockCmd
    timer.o(.text) refers to stm32f4xx_tim.o(.text) for TIM_TimeBaseInit
    timer.o(.text) refers to misc.o(.text) for NVIC_Init
    timer.o(.text) refers to control.o(.text) for GetWorkState
    timer.o(.text) refers to led.o(.text) for LED_Pointing
    timer.o(.text) refers to pid.o(.text) for PID_Calc
    timer.o(.text) refers to daddsub_clz.o(x$fpl$dadd) for __aeabi_dadd
    timer.o(.text) refers to daddsub_clz.o(x$fpl$dsub) for __aeabi_dsub
    timer.o(.text) refers to drleqf.o(x$fpl$drleqf) for __aeabi_cdrcmple
    timer.o(.text) refers to can.o(.text) for Set_CM_Speed
    timer.o(.text) refers to f2d.o(x$fpl$f2d) for __aeabi_f2d
    timer.o(.text) refers to dmul.o(x$fpl$dmul) for __aeabi_dmul
    timer.o(.text) refers to dfix.o(x$fpl$dfix) for __aeabi_d2iz
    timer.o(.text) refers to dleqf.o(x$fpl$dleqf) for __aeabi_cdcmple
    timer.o(.text) refers to timer.o(.data) for PID_Cycle
    timer.o(.text) refers to can.o(.bss) for CM1_Position_Feedback
    timer.o(.text) refers to control.o(.data) for CM1_Position_Send
    timer.o(.text) refers to pid.o(.bss) for CM1_Robust_Pid
    timer.o(.text) refers to imu.o(.bss) for Imu_Deal
    timer.o(.text) refers to control.o(.bss) for CM34_Ramp
    timer.o(.text) refers to stm32f4xx_usart.o(.text) for USART_SendData
    timer.o(.text) refers to keyboard.o(.text) for TakeBullet
    timer.o(.text) refers to keyboard.o(.data) for MainBoard_SendBuffer_H
    exti.o(.text) refers to delay.o(.text) for delay_ms
    exti.o(.text) refers to stm32f4xx_exti.o(.text) for EXTI_ClearITPendingBit
    exti.o(.text) refers to key.o(.text) for KEY_Init
    exti.o(.text) refers to stm32f4xx_rcc.o(.text) for RCC_APB2PeriphClockCmd
    exti.o(.text) refers to stm32f4xx_syscfg.o(.text) for SYSCFG_EXTILineConfig
    exti.o(.text) refers to misc.o(.text) for NVIC_Init
    exti.o(.text) refers to control.o(.data) for waiting
    spi.o(.text) refers to stm32f4xx_spi.o(.text) for SPI_Cmd
    spi.o(.text) refers to stm32f4xx_rcc.o(.text) for RCC_APB2PeriphClockCmd
    spi.o(.text) refers to stm32f4xx_gpio.o(.text) for GPIO_Init
    delay.o(.text) refers to misc.o(.text) for SysTick_CLKSourceConfig
    delay.o(.text) refers to delay.o(.data) for fac_us
    usart.o(.rev16_text) refers (Special) to use_no_semi_2.o(.text) for __use_no_semihosting
    usart.o(.revsh_text) refers (Special) to use_no_semi_2.o(.text) for __use_no_semihosting
    usart.o(.text) refers (Special) to use_no_semi_2.o(.text) for __use_no_semihosting
    usart.o(.text) refers to stm32f4xx_rcc.o(.text) for RCC_AHB1PeriphClockCmd
    usart.o(.text) refers to stm32f4xx_gpio.o(.text) for GPIO_PinAFConfig
[...]
    TI1_Config                               0x080039d3   Thumb Code    58  stm32f4xx_tim.o(.text)
    .text                                    0x08003da8   Section        0  stm32f4xx_exti.o(.text)
    .text                                    0x08003eb8   Section        0  stm32f4xx_spi.o(.text)
    .text                                    0x08004338   Section        0  stm32f4xx_dma.o(.text)
    .text                                    0x080046e0   Section        0  pid.o(.text)
    .text                                    0x08004894   Section        0  control.o(.text)
    .text                                    0x08005684   Section        0  keyboard.o(.text)
    .text                                    0x08005be8   Section        0  imu.o(.text)
    IST_Reg_Write_By_MPU                     0x08005c6d   Thumb Code    64  imu.o(.text)
    IST_Reg_Read_By_MPU                      0x08005cad   Thumb Code    58  imu.o(.text)
    MPU_Auto_Read_IST_config                 0x08005ce7   Thumb Code   140  imu.o(.text)
    .text                                    0x0800621c   Section        0  imu_ex.o(.text)
    .text                                    0x08006510   Section        2  use_no_semi_2.o(.text)
    .text                                    0x08006512   Section      100  rt_memcpy_w.o(.text)
    .text                                    0x08006576   Section        0  heapauxi.o(.text)
    .text                                    0x0800657c   Section        2  use_no_semi.o(.text)
    .text                                    0x0800657e   Section       74  sys_stackheap_outer.o(.text)
    .text                                    0x080065c8   Section        0  exit.o(.text)
    .text                                    0x080065d4   Section        8  libspace.o(.text)
    x$fpl$basic                              0x080065dc   Section       24  basic.o(x$fpl$basic)
    $v0                                      0x080065dc   Number         0  basic.o(x$fpl$basic)
    x$fpl$d2f                                0x080065f4   Section       98  d2f.o(x$fpl$d2f)
    $v0                                      0x080065f4   Number         0  d2f.o(x$fpl$d2f)
    x$fpl$dadd                               0x08006658   Section      336  daddsub_clz.o(x$fpl$dadd)
    $v0                                      0x08006658   Number         0  daddsub_clz.o(x$fpl$dadd)
    _dadd1                                   0x08006669   Thumb Code     0  daddsub_clz.o(x$fpl$dadd)
    x$fpl$dcmpinf                            0x080067a8   Section       24  dcmpi.o(x$fpl$dcmpinf)
    $v0                                      0x080067a8   Number         0  dcmpi.o(x$fpl$dcmpinf)
    x$fpl$ddiv                               0x080067c0   Section      688  ddiv.o(x$fpl$ddiv)
    $v0                                      0x080067c0   Number         0  ddiv.o(x$fpl$ddiv)
    ddiv_entry                               0x080067c7   Thumb Code     0  ddiv.o(x$fpl$ddiv)
    x$fpl$dfix                               0x08006a70   Section       94  dfix.o(x$fpl$dfix)
    $v0                                      0x08006a70   Number         0  dfix.o(x$fpl$dfix)
    x$fpl$dflt                               0x08006ace   Section       46  dflt_clz.o(x$fpl$dflt)
    $v0                                      0x08006ace   Number         0  dflt_clz.o(x$fpl$dflt)
    x$fpl$dfltu                              0x08006afc   Section       38  dflt_clz.o(x$fpl$dfltu)
    $v0                                      0x08006afc   Number         0  dflt_clz.o(x$fpl$dfltu)
    x$fpl$dleqf                              0x08006b24   Section      120  dleqf.o(x$fpl$dleqf)
    $v0                                      0x08006b24   Number         0  dleqf.o(x$fpl$dleqf)
    x$fpl$dmul                               0x08006b9c   Section      340  dmul.o(x$fpl$dmul)
    $v0                                      0x08006b9c   Number         0  dmul.o(x$fpl$dmul)
    x$fpl$dnaninf                            0x08006cf0   Section      156  dnaninf.o(x$fpl$dnaninf)
    $v0                                      0x08006cf0   Number         0  dnaninf.o(x$fpl$dnaninf)
    x$fpl$dretinf                            0x08006d8c   Section       12  dretinf.o(x$fpl$dretinf)
    $v0                                      0x08006d8c   Number         0  dretinf.o(x$fpl$dretinf)
    x$fpl$drleqf                             0x08006d98   Section      108  drleqf.o(x$fpl$drleqf)
    $v0                                      0x08006d98   Number         0  drleqf.o(x$fpl$drleqf)
    x$fpl$dsub                               0x08006e04   Section      468  daddsub_clz.o(x$fpl$dsub)
    $v0                                      0x08006e04   Number         0  daddsub_clz.o(x$fpl$dsub)
    _dsub1                                   0x08006e15   Thumb Code     0  daddsub_clz.o(x$fpl$dsub)
    x$fpl$f2d                                0x08006fd8   Section       86  f2d.o(x$fpl$f2d)
    $v0                                      0x08006fd8   Number         0  f2d.o(x$fpl$f2d)
    x$fpl$fnaninf                            0x0800702e   Section      140  fnaninf.o(x$fpl$fnaninf)
    $v0                                      0x0800702e   Number         0  fnaninf.o(x$fpl$fnaninf)
    x$fpl$fpinit                             0x080070ba   Section       10  fpinit.o(x$fpl$fpinit)
    $v0                                      0x080070ba   Number         0  fpinit.o(x$fpl$fpinit)
    x$fpl$fretinf                            0x080070c4   Section       10  fretinf.o(x$fpl$fretinf)
    $v0                                      0x080070c4   Number         0  fretinf.o(x$fpl$fretinf)
    x$fpl$usenofp                            0x080070ce   Section        0  usenofp.o(x$fpl$usenofp)
    .constdata                               0x080070d0   Section       20  imu.o(.constdata)
    .data                                    0x20000000   Section       20  system_stm32f4xx.o(.data)
    .data                                    0x20000014   Section        1  led.o(.data)
    .data                                    0x20000015   Section        1  key.o(.data)
    key_up                                   0x20000015   Data           1  key.o(.data)
    .data                                    0x20000018   Section       12  timer.o(.data)
    .data                                    0x20000024   Section        1  exti.o(.data)
    .data                                    0x20000026   Section        4  delay.o(.data)
    fac_us                                   0x20000026   Data           1  delay.o(.data)
    fac_ms                                   0x20000028   Data           2  delay.o(.data)
    .data                                    0x2000002c   Section        5  usart.o(.data)
    .data                                    0x20000031   Section       16  stm32f4xx_rcc.o(.data)
    APBAHBPrescTable                         0x20000031   Data          16  stm32f4xx_rcc.o(.data)
    .data                                    0x20000044   Section       26  control.o(.data)
    .data                                    0x20000060   Section       66  keyboard.o(.data)
    .data                                    0x200000a2   Section        6  imu.o(.data)
    MPU_Tx                                   0x200000a3   Data           1  imu.o(.data)
    MPU_Rx                                   0x200000a4   Data           1  imu.o(.data)
    MPU_Tx                                   0x200000a5   Data           1  imu.o(.data)
    MPU_Rx                                   0x200000a6   Data           1  imu.o(.data)
    MPU_Tx                                   0x200000a7   Data           1  imu.o(.data)
    .data                                    0x200000a8   Section       20  imu_ex.o(.data)
    .bss                                     0x200000bc   Section      228  can.o(.bss)
    .bss                                     0x200001a0   Section      288  pid.o(.bss)
    .bss                                     0x200002c0   Section      104  control.o(.bss)
    .bss                                     0x20000328   Section       12  keyboard.o(.bss)
    .bss                                     0x20000334   Section      156  imu.o(.bss)
    .bss                                     0x200003d0   Section       96  imu_ex.o(.bss)
    .bss                                     0x20000430   Section       96  libspace.o(.bss)
    HEAP                                     0x20000490   Section      512  startup_stm32f427_437xx.o(HEAP)
    Heap_Mem                                 0x20000490   Data         512  startup_stm32f427_437xx.o(HEAP)
    STACK                                    0x20000690   Section     1024  startup_stm32f427_437xx.o(STACK)
    Stack_Mem                                0x20000690   Data        1024  startup_stm32f427_437xx.o(STACK)
    __initial_sp                             0x20000a90   Data           0  startup_stm32f427_437xx.o(STACK)

    Global Symbols

    Symbol Name                              Value     Ov Type        Size  Object(Section)

    BuildAttributes$$THM_ISAv4$E$P$D$K$B$S$7EM$VFPi3$EXTD16$VFPS$VFMA$PE$A:L22UL41UL21$X:L11$S22US41US21$IEEE1$IW$USESV6$~STKCKD$USESV7$~SHL$OSPACE$ROPI$EBA8$UX$STANDARDLIB$REQ8$PRES8$EABIv2 0x00000000   Number         0  anon$$obj.o ABSOLUTE
    __ARM_use_no_argv                        0x00000000   Number         0  main.o ABSOLUTE
    __ARM_exceptions_init                     - Undefined Weak Reference
    __alloca_initialize                       - Undefined Weak Reference
    __arm_preinit_                            - Undefined Weak Reference
    __cpp_initialize__aeabi_                  - Undefined Weak Reference
    __cxa_finalize                            - Undefined Weak Reference
    __rt_locale                               - Undefined Weak Reference
    __sigvec_lookup                           - Undefined Weak Reference
    _atexit_init                              - Undefined Weak Reference
    _call_atexit_fns                          - Undefined Weak Reference
    _clock_init                               - Undefined Weak Reference
    _fp_trap_init                             - Undefined Weak Reference
    _fp_trap_shutdown                         - Undefined Weak Reference
    _get_lc_collate                           - Undefined Weak Reference
    _get_lc_ctype                             - Undefined Weak Reference
    _get_lc_monetary                          - Undefined Weak Reference
    _get_lc_numeric                           - Undefined Weak Reference
    _get_lc_time                              - Undefined Weak Reference
    _getenv_init                              - Undefined Weak Reference
    _handle_redirection                       - Undefined Weak Reference
    _init_alloc                               - Undefined Weak Reference
    _init_user_alloc                          - Undefined Weak Reference
    _initio                                   - Undefined Weak Reference
    _rand_init                                - Undefined Weak Reference
    _signal_finish                            - Undefined Weak Reference
    _signal_init                              - Undefined Weak Reference
    _terminate_alloc                          - Undefined Weak Reference
    _terminate_user_alloc                     - Undefined Weak Reference
    _terminateio                              - Undefined Weak Reference
    __Vectors_Size                           0x000001ac   Number         0  startup_stm32f427_437xx.o ABSOLUTE
    __Vectors                                0x08000000   Data           4  startup_stm32f427_437xx.o(RESET)
    __Vectors_End                            0x080001ac   Data           0  startup_stm32f427_437xx.o(RESET)
    __main                                   0x080001ad   Thumb Code     8  __main.o(!!!main)
    __scatterload                            0x080001b5   Thumb Code     0  __scatter.o(!!!scatter)
    __scatterload_rt2                        0x080001b5   Thumb Code    44  __scatter.o(!!!scatter)
    __scatterload_rt2_thumb_only             0x080001b5   Thumb Code     0  __scatter.o(!!!scatter)
    __scatterload_null                       0x080001c3   Thumb Code     0  __scatter.o(!!!scatter)
    __scatterload_copy                       0x080001e9   Thumb Code    26  __scatter_copy.o(!!handler_copy)
    __scatterload_zeroinit                   0x08000205   Thumb Code    28  __scatter_zi.o(!!handler_zi)
    __rt_lib_init                            0x08000221   Thumb Code     0  libinit.o(.ARM.Collect$$libinit$$00000000)
    __rt_lib_init_fp_1                       0x08000223   Thumb Code     0  libinit2.o(.ARM.Collect$$libinit$$00000001)
    __rt_lib_init_alloca_1                   0x08000227   Thumb Code     0  libinit2.o(.ARM.Collect$$libinit$$0000002E)
    __rt_lib_init_argv_1                     0x08000227   Thumb Code     0  libinit2.o(.ARM.Collect$$libinit$$0000002C)
    __rt_lib_init_atexit_1                   0x08000227   Thumb Code     0  libinit2.o(.ARM.Collect$$libinit$$0000001B)
    __rt_lib_init_clock_1                    0x08000227   Thumb Code     0  libinit2.o(.ARM.Collect$$libinit$$00000021)
    __rt_lib_init_cpp_1                      0x08000227   Thumb Code     0  libinit2.o(.ARM.Collect$$libinit$$00000032)
    __rt_lib_init_exceptions_1               0x08000227   Thumb Code     0  libinit2.o(.ARM.Collect$$libinit$$00000030)
    __rt_lib_init_fp_trap_1                  0x08000227   Thumb Code     0  libinit2.o(.ARM.Collect$$libinit$$0000001F)
    __rt_lib_init_getenv_1                   0x08000227   Thumb Code     0  libinit2.o(.ARM.Collect$$libinit$$00000023)
    __rt_lib_init_heap_1                     0x08000227   Thumb Code     0  libinit2.o(.ARM.Collect$$libinit$$0000000A)
    __rt_lib_init_lc_collate_1               0x08000227   Thumb Code     0  libinit2.o(.ARM.Collect$$libinit$$00000011)
    __rt_lib_init_lc_ctype_1                 0x08000227   Thumb Code     0  libinit2.o(.ARM.Collect$$libinit$$00000013)
    __rt_lib_init_lc_monetary_1              0x08000227   Thumb Code     0  libinit2.o(.ARM.Collect$$libinit$$00000015)
    __rt_lib_init_lc_numeric_1               0x08000227   Thumb Code     0  libinit2.o(.ARM.Collect$$libinit$$00000017)
    __rt_lib_init_lc_time_1                  0x08000227   Thumb Code     0  libinit2.o(.ARM.Collect$$libinit$$00000019)
    __rt_lib_init_preinit_1                  0x08000227   Thumb Code     0  libinit2.o(.ARM.Collect$$libinit$$00000004)
    __rt_lib_init_rand_1                     0x08000227   Thumb Code     0  libinit2.o(.ARM.Collect$$libinit$$0000000E)
    __rt_lib_init_return                     0x08000227   Thumb Code     0  libinit2.o(.ARM.Collect$$libinit$$00000033)
    __rt_lib_init_signal_1                   0x08000227   Thumb Code     0  libinit2.o(.ARM.Collect$$libinit$$0000001D)
    __rt_lib_init_stdio_1                    0x08000227   Thumb Code     0  libinit2.o(.ARM.Collect$$libinit$$00000025)
    __rt_lib_init_user_alloc_1               0x08000227   Thumb Code     0  libinit2.o(.ARM.Collect$$libinit$$0000000C)
    __rt_lib_shutdown                        0x08000229   Thumb Code     0  libshutdown.o(.ARM.Collect$$libshutdown$$00000000)
    __rt_lib_shutdown_fp_trap_1              0x0800022b   Thumb Code     0  libshutdown2.o(.ARM.Collect$$libshutdown$$00000006)
    __rt_lib_shutdown_heap_1                 0x0800022b   Thumb Code     0  libshutdown2.o(.ARM.Collect$$libshutdown$$0000000E)
    __rt_lib_shutdown_return                 0x0800022b   Thumb Code     0  libshutdown2.o(.ARM.Collect$$libshutdown$$0000000F)
    __rt_lib_shutdown_signal_1               0x0800022b   Thumb Code     0  libshutdown2.o(.ARM.Collect$$libshutdown$$00000009)
    __rt_lib_shutdown_stdio_1                0x0800022b   Thumb Code     0  libshutdown2.o(.ARM.Collect$$libshutdown$$00000003)
    __rt_lib_shutdown_user_alloc_1           0x0800022b   Thumb Code     0  libshutdown2.o(.ARM.Collect$$libshutdown$$0000000B)
    __rt_entry                               0x0800022d   Thumb Code     0  __rtentry.o(.ARM.Collect$$rtentry$$00000000)
    __rt_entry_presh_1                       0x0800022d   Thumb Code     0  __rtentry2.o(.ARM.Collect$$rtentry$$00000002)
    __rt_entry_sh                            0x0800022d   Thumb Code     0  __rtentry4.o(.ARM.Collect$$rtentry$$00000004)
    __rt_entry_li                            0x08000233   Thumb Code     0  __rtentry2.o(.ARM.Collect$$rtentry$$0000000A)
    __rt_entry_postsh_1                      0x08000233   Thumb Code     0  __rtentry2.o(.ARM.Collect$$rtentry$$00000009)
    __rt_entry_main                          0x08000237   Thumb Code     0  __rtentry2.o(.ARM.Collect$$rtentry$$0000000D)
    __rt_entry_postli_1                      0x08000237   Thumb Code     0  __rtentry2.o(.ARM.Collect$$rtentry$$0000000C)
    __rt_exit                                0x0800023f   Thumb Code     0  rtexit.o(.ARM.Collect$$rtexit$$00000000)
    __rt_exit_ls                             0x08000241   Thumb Code     0  rtexit2.o(.ARM.Collect$$rtexit$$00000003)
    __rt_exit_prels_1                        0x08000241   Thumb Code     0  rtexit2.o(.ARM.Collect$$rtexit$$00000002)
    __rt_exit_exit                           0x08000245   Thumb Code     0  rtexit2.o(.ARM.Collect$$rtexit$$00000004)
    main                                     0x0800024d   Thumb Code   218  main.o(.text)
    NMI_Handler                              0x0800035d   Thumb Code     2  stm32f4xx_it.o(.text)
    HardFault_Handler                        0x0800035f   Thumb Code     4  stm32f4xx_it.o(.text)
    MemManage_Handler                        0x08000363   Thumb Code     4  stm32f4xx_it.o(.text)
    BusFault_Handler                         0x08000367   Thumb Code     4  stm32f4xx_it.o(.text)
    UsageFault_Handler                       0x0800036b   Thumb Code     4  stm32f4xx_it.o(.text)
    SVC_Handler                              0x0800036f   Thumb Code     2  stm32f4xx_it.o(.text)
    DebugMon_Handler                         0x08000371   Thumb Code     2  stm32f4xx_it.o(.text)
    PendSV_Handler                           0x08000373   Thumb Code     2  stm32f4xx_it.o(.text)
    SysTick_Handler                          0x08000375   Thumb Code     2  stm32f4xx_it.o(.text)
    SystemInit                               0x08000489   Thumb Code    88  system_stm32f4xx.o(.text)
    SystemCoreClockUpdate                    0x080004e1   Thumb Code   174  system_stm32f4xx.o(.text)
    LED_Pointing                             0x080005bd   Thumb Code    94  led.o(.text)
    LED_Init                                 0x0800061b   Thumb Code   112  led.o(.text)
    KEY_Init                                 0x080006a5   Thumb Code    44  key.o(.text)
    KEY_Scan                                 0x080006d1   Thumb Code    80  key.o(.text)
    CAN1_Init                                0x08000729   Thumb Code   262  can.o(.text)
    Position_To_Turns                        0x0800082f   Thumb Code    56  can.o(.text)
    Position_Data_deal                       0x08000867   Thumb Code    26  can.o(.text)
    Speed_Data_deal                          0x08000881   Thumb Code    14  can.o(.text)
    Motor_Data_Receive                       0x0800088f   Thumb Code   114  can.o(.text)
    CAN1_RX0_IRQHandler                      0x08000901   Thumb Code    46  can.o(.text)
    CAN1_TX_IRQHandler                       0x0800092f   Thumb Code    22  can.o(.text)
    Set_CM_Speed                             0x08000945   Thumb Code    94  can.o(.text)
    TIM5_PWM_Init                            0x080009d9   Thumb Code   234  pwm.o(.text)
    Servo_Video_Set                          0x08000ac3   Thumb Code    38  pwm.o(.text)
    Servo_Back_Set                           0x08000ae9   Thumb Code    18  pwm.o(.text)
    Servo_Right_Set                          0x08000afb   Thumb Code    38  pwm.o(.text)
    Servo_Left_Set                           0x08000b21   Thumb Code    38  pwm.o(.text)
    TIM4_PWM_Init                            0x08000b47   Thumb Code   262  pwm.o(.text)
    ALL_PWM_Init                             0x08000c4d   Thumb Code    24  pwm.o(.text)
    Friction_ALL_Set                         0x08000c65   Thumb Code    82  pwm.o(.text)
    TIM3_Int_Init                            0x08000cc9   Thumb Code   100  timer.o(.text)
    TIM3_IRQHandler                          0x08000d2d   Thumb Code  1498  timer.o(.text)
    EXTI0_IRQHandler                         0x08001355   Thumb Code    22  exti.o(.text)
    EXTIX_Init                               0x0800136b   Thumb Code    82  exti.o(.text)
    SPI5_SetSpeed                            0x080013c1   Thumb Code    36  spi.o(.text)
    SPI5_Init                                0x080013e5   Thumb Code   214  spi.o(.text)
    SPI5_ReadWriteByte                       0x080014bb   Thumb Code    82  spi.o(.text)
    delay_init                               0x08001515   Thumb Code    52  delay.o(.text)
    delay_us                                 0x08001549   Thumb Code    72  delay.o(.text)
    delay_xms                                0x08001591   Thumb Code    72  delay.o(.text)
    delay_ms                                 0x080015d9   Thumb Code    56  delay.o(.text)
    _sys_exit                                0x08001619   Thumb Code     6  usart.o(.text)
    fputc                                    0x0800161f   Thumb Code    22  usart.o(.text)
    uart_init                                0x08001635   Thumb Code   172  usart.o(.text)
    USART6_IRQHandler                        0x080016e1   Thumb Code   236  usart.o(.text)
    RC_Calibration                           0x080017cd   Thumb Code    42  usart.o(.text)
    Reset_Handler                            0x08001819   Thumb Code     8  startup_stm32f427_437xx.o(.text)
    ADC_IRQHandler                           0x08001833   Thumb Code     0  startup_stm32f427_437xx.o(.text)
    CAN1_RX1_IRQHandler                      0x08001833   Thumb Code     0  startup_stm32f427_437xx.o(.text)
    CAN1_SCE_IRQHandler                      0x08001833   Thumb Code     0  startup_stm32f427_437xx.o(.text)
    CAN2_RX0_IRQHandler                      0x08001833   Thumb Code     0  startup_stm32f427_437xx.o(.text)
    CAN2_RX1_IRQHandler                      0x08001833   Thumb Code     0  startup_stm32f427_437xx.o(.text)
    CAN2_SCE_IRQHandler                      0x08001833   Thumb Code     0  startup_stm32f427_437xx.o(.text)
    CAN2_TX_IRQHandler                       0x08001833   Thumb Code     0  startup_stm32f427_437xx.o(.text)
    CRYP_IRQHandler                          0x08001833   Thumb Code     0  startup_stm32f427_437xx.o(.text)
    DCMI_IRQHandler                          0x08001833   Thumb Code     0  startup_stm32f427_437xx.o(.text)
    DMA1_Stream0_IRQHandler                  0x08001833   Thumb Code     0  startup_stm32f427_437xx.o(.text)
    DMA1_Stream2_IRQHandler                  0x08001833   Thumb Code     0  startup_stm32f427_437xx.o(.text)
    DMA1_Stream3_IRQHandler                  0x08001833   Thumb Code     0  startup_stm32f427_437xx.o(.text)
    DMA1_Stream4_IRQHandler                  0x08001833   Thumb Code     0  startup_stm32f427_437xx.o(.text)
    DMA1_Stream5_IRQHandler                  0x08001833   Thumb Code     0  startup_stm32f427_437xx.o(.text)
    DMA1_Stream6_IRQHandler                  0x08001833   Thumb Code     0  startup_stm32f427_437xx.o(.text)
    DMA1_Stream7_IRQHandler                  0x08001833   Thumb Code     0  startup_stm32f427_437xx.o(.text)
    DMA2D_IRQHandler                         0x08001833   Thumb Code     0  startup_stm32f427_437xx.o(.text)
    DMA2_Stream0_IRQHandler                  0x08001833   Thumb Code     0  startup_stm32f427_437xx.o(.text)
    DMA2_Stream1_IRQHandler                  0x08001833   Thumb Code     0  startup_stm32f427_437xx.o(.text)
    DMA2_Stream2_IRQHandler                  0x08001833   Thumb Code     0  startup_stm32f427_437xx.o(.text)
    DMA2_Stream3_IRQHandler                  0x08001833   Thumb Code     0  startup_stm32f427_437xx.o(.text)
    DMA2_Stream4_IRQHandler                  0x08001833   Thumb Code     0  startup_stm32f427_437xx.o(.text)
    DMA2_Stream5_IRQHandler                  0x08001833   Thumb Code     0  startup_stm32f427_437xx.o(.text)
    DMA2_Stream6_IRQHandler                  0x08001833   Thumb Code     0  startup_stm32f427_437xx.o(.text)
    DMA2_Stream7_IRQHandler                  0x08001833   Thumb Code     0  startup_stm32f427_437xx.o(.text)
    ETH_IRQHandler                           0x08001833   Thumb Code     0  startup_stm32f427_437xx.o(.text)
    ETH_WKUP_IRQHandler                      0x08001833   Thumb Code     0  startup_stm32f427_437xx.o(.text)
    EXTI15_10_IRQHandler                     0x08001833   Thumb Code     0  startup_stm32f427_437xx.o(.text)
    EXTI1_IRQHandler                         0x08001833   Thumb Code     0  startup_stm32f427_437xx.o(.text)
    EXTI2_IRQHandler                         0x08001833   Thumb Code     0  startup_stm32f427_437xx.o(.text)
    EXTI3_IRQHandler                         0x08001833   Thumb Code     0  startup_stm32f427_437xx.o(.text)
    EXTI4_IRQHandler                         0x08001833   Thumb Code     0  startup_stm32f427_437xx.o(.text)
    EXTI9_5_IRQHandler                       0x08001833   Thumb Code     0  startup_stm32f427_437xx.o(.text)
    FLASH_IRQHandler                         0x08001833   Thumb Code     0  startup_stm32f427_437xx.o(.text)
    FMC_IRQHandler                           0x08001833   Thumb Code     0  startup_stm32f427_437xx.o(.text)
    FPU_IRQHandler                           0x08001833   Thumb Code     0  startup_stm32f427_437xx.o(.text)
    HASH_RNG_IRQHandler                      0x08001833   Thumb Code     0  startup_stm32f427_437xx.o(.text)
    I2C1_ER_IRQHandler                       0x08001833   Thumb Code     0  startup_stm32f427_437xx.o(.text)
    I2C1_EV_IRQHandler                       0x08001833   Thumb Code     0  startup_stm32f427_437xx.o(.text)
    I2C2_ER_IRQHandler                       0x08001833   Thumb Code     0  startup_stm32f427_437xx.o(.text)
    I2C2_EV_IRQHandler                       0x08001833   Thumb Code     0  startup_stm32f427_437xx.o(.text)
    I2C3_ER_IRQHandler                       0x08001833   Thumb Code     0  startup_stm32f427_437xx.o(.text)
    I2C3_EV_IRQHandler                       0x08001833   Thumb Code     0  startup_stm32f427_437xx.o(.text)
    OTG_FS_IRQHandler                        0x08001833   Thumb Code     0  startup_stm32f427_437xx.o(.text)
    OTG_FS_WKUP_IRQHandler                   0x08001833   Thumb Code     0  startup_stm32f427_437xx.o(.text)
    OTG_HS_EP1_IN_IRQHandler                 0x08001833   Thumb Code     0  startup_stm32f427_437xx.o(.text)
    OTG_HS_EP1_OUT_IRQHandler                0x08001833   Thumb Code     0  startup_stm32f427_437xx.o(.text)
    OTG_HS_IRQHandler                        0x08001833   Thumb Code     0  startup_stm32f427_437xx.o(.text)
    OTG_HS_WKUP_IRQHandler                   0x08001833   Thumb Code     0  startup_stm32f427_437xx.o(.text)
    PVD_IRQHandler                           0x08001833   Thumb Code     0  startup_stm32f427_437xx.o(.text)
    RCC_IRQHandler                           0x08001833   Thumb Code     0  startup_stm32f427_437xx.o(.text)
    RTC_Alarm_IRQHandler                     0x08001833   Thumb Code     0  startup_stm32f427_437xx.o(.text)
    RTC_WKUP_IRQHandler                      0x08001833   Thumb Code     0  startup_stm32f427_437xx.o(.text)
    SAI1_IRQHandler                          0x08001833   Thumb Code     0  startup_stm32f427_437xx.o(.text)
    SDIO_IRQHandler                          0x08001833   Thumb Code     0  startup_stm32f427_437xx.o(.text)
    SPI1_IRQHandler                          0x08001833   Thumb Code     0  startup_stm32f427_437xx.o(.text)
    SPI2_IRQHandler                          0x08001833   Thumb Code     0  startup_stm32f427_437xx.o(.text)
    SPI3_IRQHandler                          0x08001833   Thumb Code     0  startup_stm32f427_437xx.o(.text)
    SPI4_IRQHandler                          0x08001833   Thumb Code     0  startup_stm32f427_437xx.o(.text)
    SPI5_IRQHandler                          0x08001833   Thumb Code     0  startup_stm32f427_437xx.o(.text)
    SPI6_IRQHandler                          0x08001833   Thumb Code     0  startup_stm32f427_437xx.o(.text)
    TAMP_STAMP_IRQHandler                    0x08001833   Thumb Code     0  startup_stm32f427_437xx.o(.text)
    TIM1_BRK_TIM9_IRQHandler                 0x08001833   Thumb Code     0  startup_stm32f427_437xx.o(.text)
    TIM1_CC_IRQHandler                       0x08001833   Thumb Code     0  startup_stm32f427_437xx.o(.text)
    TIM1_TRG_COM_TIM11_IRQHandler            0x08001833   Thumb Code     0  startup_stm32f427_437xx.o(.text)
    TIM1_UP_TIM10_IRQHandler                 0x08001833   Thumb Code     0  startup_stm32f427_437xx.o(.text)
    TIM2_IRQHandler                          0x08001833   Thumb Code     0  startup_stm32f427_437xx.o(.text)
    TIM4_IRQHandler                          0x08001833   Thumb Code     0  startup_stm32f427_437xx.o(.text)
    TIM5_IRQHandler                          0x08001833   Thumb Code     0  startup_stm32f427_437xx.o(.text)
    TIM6_DAC_IRQHandler                      0x08001833   Thumb Code     0  startup_stm32f427_437xx.o(.text)
    TIM7_IRQHandler                          0x08001833   Thumb Code     0  startup_stm32f427_437xx.o(.text)
    TIM8_BRK_TIM12_IRQHandler                0x08001833   Thumb Code     0  startup_stm32f427_437xx.o(.text)
    TIM8_CC_IRQHandler                       0x08001833   Thumb Code     0  startup_stm32f427_437xx.o(.text)
    TIM8_TRG_COM_TIM14_IRQHandler            0x08001833   Thumb Code     0  startup_stm32f427_437xx.o(.text)
    TIM8_UP_TIM13_IRQHandler                 0x08001833   Thumb Code     0  startup_stm32f427_437xx.o(.text)
    UART4_IRQHandler                         0x08001833   Thumb Code     0  startup_stm32f427_437xx.o(.text)
    UART5_IRQHandler                         0x08001833   Thumb Code     0  startup_stm32f427_437xx.o(.text)
    UART7_IRQHandler                         0x08001833   Thumb Code     0  startup_stm32f427_437xx.o(.text)
    UART8_IRQHandler                         0x08001833   Thumb Code     0  startup_stm32f427_437xx.o(.text)
    USART1_IRQHandler                        0x08001833   Thumb Code     0  startup_stm32f427_437xx.o(.text)
    USART2_IRQHandler                        0x08001833   Thumb Code     0  startup_stm32f427_437xx.o(.text)
    USART3_IRQHandler                        0x08001833   Thumb Code     0  startup_stm32f427_437xx.o(.text)
    WWDG_IRQHandler                          0x08001833   Thumb Code     0  startup_stm32f427_437xx.o(.text)
    __user_initial_stackheap                 0x08001835   Thumb Code     0  startup_stm32f427_437xx.o(.text)
    NVIC_PriorityGroupConfig                 0x08001859   Thumb Code    10  misc.o(.text)
    NVIC_Init                                0x08001863   Thumb Code   106  misc.o(.text)
    NVIC_SetVectorTable                      0x080018cd   Thumb Code    14  misc.o(.text)
    NVIC_SystemLPConfig                      0x080018db   Thumb Code    34  misc.o(.text)
    SysTick_CLKSourceConfig                  0x080018fd   Thumb Code    40  misc.o(.text)
    GPIO_DeInit                              0x08001939   Thumb Code   268  stm32f4xx_gpio.o(.text)
    GPIO_Init                                0x08001a45   Thumb Code   144  stm32f4xx_gpio.o(.text)
    GPIO_StructInit                          0x08001ad5   Thumb Code    18  stm32f4xx_gpio.o(.text)
    GPIO_PinLockConfig                       0x08001ae7   Thumb Code    34  stm32f4xx_gpio.o(.text)
    GPIO_ReadInputDataBit                    0x08001b09   Thumb Code    18  stm32f4xx_gpio.o(.text)
    GPIO_ReadInputData                       0x08001b1b   Thumb Code     8  stm32f4xx_gpio.o(.text)
    GPIO_ReadOutputDataBit                   0x08001b23   Thumb Code    18  stm32f4xx_gpio.o(.text)
    GPIO_ReadOutputData                      0x08001b35   Thumb Code     8  stm32f4xx_gpio.o(.text)
    GPIO_SetBits                             0x08001b3d   Thumb Code     4  stm32f4xx_gpio.o(.text)
    GPIO_ResetBits                           0x08001b41   Thumb Code     4  stm32f4xx_gpio.o(.text)
    GPIO_WriteBit                            0x08001b45   Thumb Code    10  stm32f4xx_gpio.o(.text)
    GPIO_Write                               0x08001b4f   Thumb Code     4  stm32f4xx_gpio.o(.text)
    GPIO_ToggleBits                          0x08001b53   Thumb Code     8  stm32f4xx_gpio.o(.text)
    GPIO_PinAFConfig                         0x08001b5b   Thumb Code    70  stm32f4xx_gpio.o(.text)
    RCC_DeInit                               0x08001bcd   Thumb Code    82  stm32f4xx_rcc.o(.text)
    RCC_HSEConfig                            0x08001c1f   Thumb Code    14  stm32f4xx_rcc.o(.text)
    RCC_GetFlagStatus                        0x08001c2d   Thumb Code    60  stm32f4xx_rcc.o(.text)
    RCC_WaitForHSEStartUp                    0x08001c69   Thumb Code    56  stm32f4xx_rcc.o(.text)
    RCC_AdjustHSICalibrationValue            0x08001ca1   Thumb Code    20  stm32f4xx_rcc.o(.text)
    RCC_HSICmd                               0x08001cb5   Thumb Code     6  stm32f4xx_rcc.o(.text)
    RCC_LSEConfig                            0x08001cbb   Thumb Code    46  stm32f4xx_rcc.o(.text)
    RCC_LSICmd                               0x08001ce9   Thumb Code     6  stm32f4xx_rcc.o(.text)
    RCC_PLLConfig                            0x08001cef   Thumb Code    32  stm32f4xx_rcc.o(.text)
    RCC_PLLCmd                               0x08001d0f   Thumb Code     6  stm32f4xx_rcc.o(.text)
    RCC_PLLI2SConfig                         0x08001d15   Thumb Code    20  stm32f4xx_rcc.o(.text)
    RCC_PLLI2SCmd                            0x08001d29   Thumb Code     6  stm32f4xx_rcc.o(.text)
    RCC_PLLSAIConfig                         0x08001d2f   Thumb Code    20  stm32f4xx_rcc.o(.text)
    RCC_PLLSAICmd                            0x08001d43   Thumb Code     6  stm32f4xx_rcc.o(.text)
    RCC_ClockSecuritySystemCmd               0x08001d49   Thumb Code     6  stm32f4xx_rcc.o(.text)
    RCC_MCO1Config                           0x08001d4f   Thumb Code    28  stm32f4xx_rcc.o(.text)
    RCC_MCO2Config                           0x08001d6b   Thumb Code    28  stm32f4xx_rcc.o(.text)
    RCC_SYSCLKConfig                         0x08001d87   Thumb Code    20  stm32f4xx_rcc.o(.text)
    RCC_GetSYSCLKSource                      0x08001d9b   Thumb Code    12  stm32f4xx_rcc.o(.text)
    RCC_HCLKConfig                           0x08001da7   Thumb Code    20  stm32f4xx_rcc.o(.text)
    RCC_PCLK1Config                          0x08001dbb   Thumb Code    20  stm32f4xx_rcc.o(.text)
    RCC_PCLK2Config                          0x08001dcf   Thumb Code    22  stm32f4xx_rcc.o(.text)
    RCC_GetClocksFreq                        0x08001de5   Thumb Code   222  stm32f4xx_rcc.o(.text)
    RCC_RTCCLKConfig                         0x08001ec3   Thumb Code    54  stm32f4xx_rcc.o(.text)
    RCC_RTCCLKCmd                            0x08001ef9   Thumb Code     8  stm32f4xx_rcc.o(.text)
    RCC_BackupResetCmd                       0x08001f01   Thumb Code     8  stm32f4xx_rcc.o(.text)
    RCC_I2SCLKConfig                         0x08001f09   Thumb Code     6  stm32f4xx_rcc.o(.text)
    RCC_SAIPLLI2SClkDivConfig                0x08001f0f   Thumb Code    26  stm32f4xx_rcc.o(.text)
    RCC_SAIPLLSAIClkDivConfig                0x08001f29   Thumb Code    28  stm32f4xx_rcc.o(.text)
    RCC_SAIBlockACLKConfig                   0x08001f45   Thumb Code    20  stm32f4xx_rcc.o(.text)
    RCC_SAIBlockBCLKConfig                   0x08001f59   Thumb Code    20  stm32f4xx_rcc.o(.text)
    RCC_LTDCCLKDivConfig                     0x08001f6d   Thumb Code    20  stm32f4xx_rcc.o(.text)
    RCC_TIMCLKPresConfig                     0x08001f81   Thumb Code     6  stm32f4xx_rcc.o(.text)
    RCC_AHB1PeriphClockCmd                   0x08001f87   Thumb Code    82  stm32f4xx_rcc.o(.text)
    RCC_AHB2PeriphClockCmd                   0x08001fd9   Thumb Code    26  stm32f4xx_rcc.o(.text)
    RCC_AHB3PeriphClockCmd                   0x08001ff3   Thumb Code    34  stm32f4xx_rcc.o(.text)
    RCC_APB1PeriphClockCmd                   0x08002015   Thumb Code    34  stm32f4xx_rcc.o(.text)
    RCC_APB2PeriphClockCmd                   0x08002037   Thumb Code    34  stm32f4xx_rcc.o(.text)
    RCC_AHB1PeriphResetCmd                   0x08002059   Thumb Code    34  stm32f4xx_rcc.o(.text)
    RCC_AHB2PeriphResetCmd                   0x0800207b   Thumb Code    34  stm32f4xx_rcc.o(.text)
    RCC_AHB3PeriphResetCmd                   0x0800209d   Thumb Code    34  stm32f4xx_rcc.o(.text)
    RCC_APB1PeriphResetCmd                   0x080020bf   Thumb Code    34  stm32f4xx_rcc.o(.text)
    RCC_APB2PeriphResetCmd                   0x080020e1   Thumb Code    34  stm32f4xx_rcc.o(.text)
    RCC_AHB1PeriphClockLPModeCmd             0x08002103   Thumb Code    34  stm32f4xx_rcc.o(.text)
    RCC_AHB2PeriphClockLPModeCmd             0x08002125   Thumb Code    34  stm32f4xx_rcc.o(.text)
    RCC_AHB3PeriphClockLPModeCmd             0x08002147   Thumb Code    34  stm32f4xx_rcc.o(.text)
    RCC_APB1PeriphClockLPModeCmd             0x08002169   Thumb Code    34  stm32f4xx_rcc.o(.text)
    RCC_APB2PeriphClockLPModeCmd             0x0800218b   Thumb Code    34  stm32f4xx_rcc.o(.text)
    RCC_LSEModeConfig                        0x080021ad   Thumb Code    40  stm32f4xx_rcc.o(.text)
    RCC_ITConfig                             0x080021d5   Thumb Code    34  stm32f4xx_rcc.o(.text)
    RCC_ClearFlag                            0x080021f7   Thumb Code    18  stm32f4xx_rcc.o(.text)
    RCC_GetITStatus                          0x08002209   Thumb Code    22  stm32f4xx_rcc.o(.text)
    RCC_ClearITPendingBit                    0x0800221f   Thumb Code     8  stm32f4xx_rcc.o(.text)
    SYSCFG_DeInit                            0x0800222d   Thumb Code    22  stm32f4xx_syscfg.o(.text)
    SYSCFG_MemoryRemapConfig                 0x08002243   Thumb Code     6  stm32f4xx_syscfg.o(.text)
    SYSCFG_MemorySwappingBank                0x08002249   Thumb Code     6  stm32f4xx_syscfg.o(.text)
    SYSCFG_EXTILineConfig                    0x0800224f   Thumb Code    66  stm32f4xx_syscfg.o(.text)
    SYSCFG_ETH_MediaInterfaceConfig          0x08002291   Thumb Code     8  stm32f4xx_syscfg.o(.text)
    SYSCFG_CompensationCellCmd               0x08002299   Thumb Code     6  stm32f4xx_syscfg.o(.text)
    SYSCFG_GetCompensationCellStatus         0x0800229f   Thumb Code    22  stm32f4xx_syscfg.o(.text)
    USART_DeInit                             0x080022c1   Thumb Code   206  stm32f4xx_usart.o(.text)
    USART_Init                               0x0800238f   Thumb Code   204  stm32f4xx_usart.o(.text)
    USART_StructInit                         0x0800245b   Thumb Code    24  stm32f4xx_usart.o(.text)
    USART_ClockInit                          0x08002473   Thumb Code    32  stm32f4xx_usart.o(.text)
    USART_ClockStructInit                    0x08002493   Thumb Code    12  stm32f4xx_usart.o(.text)
    USART_Cmd                                0x0800249f   Thumb Code    24  stm32f4xx_usart.o(.text)
    USART_SetPrescaler                       0x080024b7   Thumb Code    16  stm32f4xx_usart.o(.text)
    USART_OverSampling8Cmd                   0x080024c7   Thumb Code    22  stm32f4xx_usart.o(.text)
    USART_OneBitMethodCmd                    0x080024dd   Thumb Code    24  stm32f4xx_usart.o(.text)
    USART_SendData                           0x080024f5   Thumb Code     8  stm32f4xx_usart.o(.text)
    USART_ReceiveData                        0x080024fd   Thumb Code    10  stm32f4xx_usart.o(.text)
    USART_SetAddress                         0x08002507   Thumb Code    18  stm32f4xx_usart.o(.text)
    USART_ReceiverWakeUpCmd                  0x08002519   Thumb Code    24  stm32f4xx_usart.o(.text)
    USART_WakeUpConfig                       0x08002531   Thumb Code    18  stm32f4xx_usart.o(.text)
    USART_LINBreakDetectLengthConfig         0x08002543   Thumb Code    18  stm32f4xx_usart.o(.text)
    USART_LINCmd                             0x08002555   Thumb Code    24  stm32f4xx_usart.o(.text)
    USART_SendBreak                          0x0800256d   Thumb Code    10  stm32f4xx_usart.o(.text)
    USART_HalfDuplexCmd                      0x08002577   Thumb Code    24  stm32f4xx_usart.o(.text)
    USART_SetGuardTime                       0x0800258f   Thumb Code    16  stm32f4xx_usart.o(.text)
    USART_SmartCardCmd                       0x0800259f   Thumb Code    24  stm32f4xx_usart.o(.text)
    USART_SmartCardNACKCmd                   0x080025b7   Thumb Code    24  stm32f4xx_usart.o(.text)
    USART_IrDAConfig                         0x080025cf   Thumb Code    18  stm32f4xx_usart.o(.text)
    USART_IrDACmd                            0x080025e1   Thumb Code    24  stm32f4xx_usart.o(.text)
    USART_DMACmd                             0x080025f9   Thumb Code    18  stm32f4xx_usart.o(.text)
    USART_ITConfig                           0x0800260b   Thumb Code    74  stm32f4xx_usart.o(.text)
    USART_GetFlagStatus                      0x08002655   Thumb Code    26  stm32f4xx_usart.o(.text)
    USART_ClearFlag                          0x0800266f   Thumb Code    18  stm32f4xx_usart.o(.text)
    USART_GetITStatus                        0x08002681   Thumb Code   118  stm32f4xx_usart.o(.text)
    USART_ClearITPendingBit                  0x080026f7   Thumb Code    30  stm32f4xx_usart.o(.text)
    CAN_DeInit                               0x08002715   Thumb Code    50  stm32f4xx_can.o(.text)
    CAN_Init                                 0x08002747   Thumb Code   276  stm32f4xx_can.o(.text)
    CAN_FilterInit                           0x0800285b   Thumb Code   258  stm32f4xx_can.o(.text)
    CAN_StructInit                           0x0800295d   Thumb Code    32  stm32f4xx_can.o(.text)
    CAN_SlaveStartBank                       0x0800297d   Thumb Code    48  stm32f4xx_can.o(.text)
    CAN_DBGFreeze                            0x080029ad   Thumb Code    22  stm32f4xx_can.o(.text)
    CAN_TTComModeCmd                         0x080029c3   Thumb Code   118  stm32f4xx_can.o(.text)
    CAN_Transmit                             0x08002a39   Thumb Code   304  stm32f4xx_can.o(.text)
    CAN_TransmitStatus                       0x08002b69   Thumb Code   138  stm32f4xx_can.o(.text)
    CAN_CancelTransmit                       0x08002bf3   Thumb Code    48  stm32f4xx_can.o(.text)
    CAN_Receive                              0x08002c23   Thumb Code   240  stm32f4xx_can.o(.text)
    CAN_FIFORelease                          0x08002d13   Thumb Code    22  stm32f4xx_can.o(.text)
    CAN_MessagePending                       0x08002d29   Thumb Code    30  stm32f4xx_can.o(.text)
    CAN_OperatingModeRequest                 0x08002d47   Thumb Code   162  stm32f4xx_can.o(.text)
    CAN_Sleep                                0x08002de9   Thumb Code    30  stm32f4xx_can.o(.text)
    CAN_WakeUp                               0x08002e07   Thumb Code    48  stm32f4xx_can.o(.text)
    CAN_GetLastErrorCode                     0x08002e37   Thumb Code    12  stm32f4xx_can.o(.text)
    CAN_GetReceiveErrorCounter               0x08002e43   Thumb Code    10  stm32f4xx_can.o(.text)
    CAN_GetLSBTransmitErrorCounter           0x08002e4d   Thumb Code    12  stm32f4xx_can.o(.text)
    CAN_ITConfig                             0x08002e59   Thumb Code    18  stm32f4xx_can.o(.text)
    CAN_GetFlagStatus                        0x08002e6b   Thumb Code   120  stm32f4xx_can.o(.text)
    CAN_ClearFlag                            0x08002ee3   Thumb Code    52  stm32f4xx_can.o(.text)
    CAN_GetITStatus                          0x08002f29   Thumb Code   310  stm32f4xx_can.o(.text)
    CAN_ClearITPendingBit                    0x0800305f   Thumb Code   162  stm32f4xx_can.o(.text)
    TIM_DeInit                               0x08003105   Thumb Code   346  stm32f4xx_tim.o(.text)
    TIM_TimeBaseInit                         0x0800325f   Thumb Code   104  stm32f4xx_tim.o(.text)
    TIM_TimeBaseStructInit                   0x080032c7   Thumb Code    18  stm32f4xx_tim.o(.text)
    TIM_PrescalerConfig                      0x080032d9   Thumb Code     6  stm32f4xx_tim.o(.text)
    TIM_CounterModeConfig                    0x080032df   Thumb Code    18  stm32f4xx_tim.o(.text)
    TIM_SetCounter                           0x080032f1   Thumb Code     4  stm32f4xx_tim.o(.text)
    TIM_SetAutoreload                        0x080032f5   Thumb Code     4  stm32f4xx_tim.o(.text)
    TIM_GetCounter                           0x080032f9   Thumb Code     6  stm32f4xx_tim.o(.text)
    TIM_GetPrescaler                         0x080032ff   Thumb Code     6  stm32f4xx_tim.o(.text)
    TIM_UpdateDisableConfig                  0x08003305   Thumb Code    24  stm32f4xx_tim.o(.text)
    TIM_UpdateRequestConfig                  0x0800331d   Thumb Code    24  stm32f4xx_tim.o(.text)
    TIM_ARRPreloadConfig                     0x08003335   Thumb Code    24  stm32f4xx_tim.o(.text)
    TIM_SelectOnePulseMode                   0x0800334d   Thumb Code    18  stm32f4xx_tim.o(.text)
    TIM_SetClockDivision                     0x0800335f   Thumb Code    18  stm32f4xx_tim.o(.text)
    TIM_Cmd                                  0x08003371   Thumb Code    24  stm32f4xx_tim.o(.text)
    TIM_OC1Init                              0x08003389   Thumb Code   114  stm32f4xx_tim.o(.text)
    TIM_OC2Init                              0x080033fb   Thumb Code   154  stm32f4xx_tim.o(.text)
    TIM_OC3Init                              0x08003495   Thumb Code   204  stm32f4xx_tim.o(.text)
    TIM_OC4Init                              0x08003561   Thumb Code   112  stm32f4xx_tim.o(.text)
    TIM_OCStructInit                         0x080035d1   Thumb Code    20  stm32f4xx_tim.o(.text)
    TIM_SelectOCxM                           0x080035e5   Thumb Code    86  stm32f4xx_tim.o(.text)
    TIM_SetCompare1                          0x0800363b   Thumb Code     4  stm32f4xx_tim.o(.text)
    TIM_SetCompare2                          0x0800363f   Thumb Code     4  stm32f4xx_tim.o(.text)
    TIM_SetCompare3                          0x08003643   Thumb Code     4  stm32f4xx_tim.o(.text)
    TIM_SetCompare4                          0x08003647   Thumb Code     4  stm32f4xx_tim.o(.text)
    TIM_ForcedOC1Config                      0x0800364b   Thumb Code    18  stm32f4xx_tim.o(.text)
    TIM_ForcedOC2Config                      0x0800365d   Thumb Code    26  stm32f4xx_tim.o(.text)
    TIM_ForcedOC3Config                      0x08003677   Thumb Code    18  stm32f4xx_tim.o(.text)
    TIM_ForcedOC4Config                      0x08003689   Thumb Code    26  stm32f4xx_tim.o(.text)
    TIM_OC1PreloadConfig                     0x080036a3   Thumb Code    18  stm32f4xx_tim.o(.text)
    TIM_OC2PreloadConfig                     0x080036b5   Thumb Code    26  stm32f4xx_tim.o(.text)
    TIM_OC3PreloadConfig                     0x080036cf   Thumb Code    18  stm32f4xx_tim.o(.text)
    TIM_OC4PreloadConfig                     0x080036e1   Thumb Code    26  stm32f4xx_tim.o(.text)
    TIM_OC1FastConfig                        0x080036fb   Thumb Code    18  stm32f4xx_tim.o(.text)
    TIM_OC2FastConfig                        0x0800370d   Thumb Code    26  stm32f4xx_tim.o(.text)
    TIM_OC3FastConfig                        0x08003727   Thumb Code    18  stm32f4xx_tim.o(.text)
    TIM_OC4FastConfig                        0x08003739   Thumb Code    26  stm32f4xx_tim.o(.text)
    TIM_ClearOC1Ref                          0x08003753   Thumb Code    18  stm32f4xx_tim.o(.text)
    TIM_ClearOC2Ref                          0x08003765   Thumb Code    24  stm32f4xx_tim.o(.text)
    TIM_ClearOC3Ref                          0x0800377d   Thumb Code    18  stm32f4xx_tim.o(.text)
    TIM_ClearOC4Ref                          0x0800378f   Thumb Code    24  stm32f4xx_tim.o(.text)
    TIM_OC1PolarityConfig                    0x080037a7   Thumb Code    18  stm32f4xx_tim.o(.text)
    TIM_OC1NPolarityConfig                   0x080037b9   Thumb Code    18  stm32f4xx_tim.o(.text)
    TIM_OC2PolarityConfig                    0x080037cb   Thumb Code    26  stm32f4xx_tim.o(.text)
    TIM_OC2NPolarityConfig                   0x080037e5   Thumb Code    26  stm32f4xx_tim.o(.text)
    TIM_OC3PolarityConfig                    0x080037ff   Thumb Code    26  stm32f4xx_tim.o(.text)
    TIM_OC3NPolarityConfig                   0x08003819   Thumb Code    26  stm32f4xx_tim.o(.text)
    TIM_OC4PolarityConfig                    0x08003833   Thumb Code    26  stm32f4xx_tim.o(.text)
    TIM_CCxCmd                               0x0800384d   Thumb Code    30  stm32f4xx_tim.o(.text)
    TIM_CCxNCmd                              0x0800386b   Thumb Code    30  stm32f4xx_tim.o(.text)
    TIM_SetIC4Prescaler                      0x08003889   Thumb Code    26  stm32f4xx_tim.o(.text)
    TIM_SetIC3Prescaler                      0x080038f3   Thumb Code    18  stm32f4xx_tim.o(.text)
    TIM_SetIC2Prescaler                      0x0800394d   Thumb Code    26  stm32f4xx_tim.o(.text)
    TIM_SetIC1Prescaler                      0x080039c1   Thumb Code    18  stm32f4xx_tim.o(.text)
    TIM_ICInit                               0x08003a0d   Thumb Code   110  stm32f4xx_tim.o(.text)
    TIM_ICStructInit                         0x08003a7b   Thumb Code    18  stm32f4xx_tim.o(.text)
    TIM_PWMIConfig                           0x08003a8d   Thumb Code   124  stm32f4xx_tim.o(.text)
    TIM_GetCapture1                          0x08003b09   Thumb Code     6  stm32f4xx_tim.o(.text)
    TIM_GetCapture2                          0x08003b0f   Thumb Code     6  stm32f4xx_tim.o(.text)
    TIM_GetCapture3                          0x08003b15   Thumb Code     6  stm32f4xx_tim.o(.text)
    TIM_GetCapture4                          0x08003b1b   Thumb Code     6  stm32f4xx_tim.o(.text)
    TIM_BDTRConfig                           0x08003b21   Thumb Code    32  stm32f4xx_tim.o(.text)
    TIM_BDTRStructInit                       0x08003b41   Thumb Code    18  stm32f4xx_tim.o(.text)
    TIM_CtrlPWMOutputs                       0x08003b53   Thumb Code    30  stm32f4xx_tim.o(.text)
    TIM_SelectCOM                            0x08003b71   Thumb Code    24  stm32f4xx_tim.o(.text)
    TIM_CCPreloadControl                     0x08003b89   Thumb Code    24  stm32f4xx_tim.o(.text)
    TIM_ITConfig                             0x08003ba1   Thumb Code    18  stm32f4xx_tim.o(.text)
    TIM_GenerateEvent                        0x08003bb3   Thumb Code     4  stm32f4xx_tim.o(.text)
    TIM_GetFlagStatus                        0x08003bb7   Thumb Code    18  stm32f4xx_tim.o(.text)
    TIM_ClearFlag                            0x08003bc9   Thumb Code     6  stm32f4xx_tim.o(.text)
    TIM_GetITStatus                          0x08003bcf   Thumb Code    34  stm32f4xx_tim.o(.text)
    TIM_ClearITPendingBit                    0x08003bf1   Thumb Code     6  stm32f4xx_tim.o(.text)
    TIM_DMAConfig                            0x08003bf7   Thumb Code    10  stm32f4xx_tim.o(.text)
    TIM_DMACmd                               0x08003c01   Thumb Code    18  stm32f4xx_tim.o(.text)
    TIM_SelectCCDMA                          0x08003c13   Thumb Code    24  stm32f4xx_tim.o(.text)
    TIM_InternalClockConfig                  0x08003c2b   Thumb Code    12  stm32f4xx_tim.o(.text)
    TIM_SelectInputTrigger                   0x08003c37   Thumb Code    18  stm32f4xx_tim.o(.text)
    TIM_ITRxExternalClockConfig              0x08003c49   Thumb Code    24  stm32f4xx_tim.o(.text)
    TIM_TIxExternalClockConfig               0x08003c61   Thumb Code    62  stm32f4xx_tim.o(.text)
    TIM_ETRConfig                            0x08003c9f   Thumb Code    28  stm32f4xx_tim.o(.text)
    TIM_ETRClockMode1Config                  0x08003cbb   Thumb Code    54  stm32f4xx_tim.o(.text)
    TIM_ETRClockMode2Config                  0x08003cf1   Thumb Code    32  stm32f4xx_tim.o(.text)
    TIM_SelectOutputTrigger                  0x08003d11   Thumb Code    18  stm32f4xx_tim.o(.text)
    TIM_SelectSlaveMode                      0x08003d23   Thumb Code    18  stm32f4xx_tim.o(.text)
    TIM_SelectMasterSlaveMode                0x08003d35   Thumb Code    18  stm32f4xx_tim.o(.text)
    TIM_EncoderInterfaceConfig               0x08003d47   Thumb Code    66  stm32f4xx_tim.o(.text)
    TIM_SelectHallSensor                     0x08003d89   Thumb Code    24  stm32f4xx_tim.o(.text)
    TIM_RemapConfig                          0x08003da1   Thumb Code     6  stm32f4xx_tim.o(.text)
    EXTI_DeInit                              0x08003da9   Thumb Code    28  stm32f4xx_exti.o(.text)
    EXTI_Init                                0x08003dc5   Thumb Code   142  stm32f4xx_exti.o(.text)
    EXTI_StructInit                          0x08003e53   Thumb Code    16  stm32f4xx_exti.o(.text)
    EXTI_GenerateSWInterrupt                 0x08003e63   Thumb Code    16  stm32f4xx_exti.o(.text)
    EXTI_GetFlagStatus                       0x08003e73   Thumb Code    22  stm32f4xx_exti.o(.text)
    EXTI_ClearFlag                           0x08003e89   Thumb Code     8  stm32f4xx_exti.o(.text)
    EXTI_GetITStatus                         0x08003e91   Thumb Code    22  stm32f4xx_exti.o(.text)
    EXTI_ClearITPendingBit                   0x08003ea7   Thumb Code     8  stm32f4xx_exti.o(.text)
    SPI_I2S_DeInit                           0x08003eb9   Thumb Code   152  stm32f4xx_spi.o(.text)
    SPI_Init                                 0x08003f51   Thumb Code    60  stm32f4xx_spi.o(.text)
    I2S_Init                                 0x08003f8d   Thumb Code   396  stm32f4xx_spi.o(.text)
    SPI_StructInit                           0x08004119   Thumb Code    24  stm32f4xx_spi.o(.text)
    I2S_StructInit                           0x08004131   Thumb Code    20  stm32f4xx_spi.o(.text)
    SPI_Cmd                                  0x08004145   Thumb Code    24  stm32f4xx_spi.o(.text)
    I2S_Cmd                                  0x0800415d   Thumb Code    24  stm32f4xx_spi.o(.text)
    SPI_DataSizeConfig                       0x08004175   Thumb Code    18  stm32f4xx_spi.o(.text)
    SPI_BiDirectionalLineConfig              0x08004187   Thumb Code    28  stm32f4xx_spi.o(.text)
    SPI_NSSInternalSoftwareConfig            0x080041a3   Thumb Code    30  stm32f4xx_spi.o(.text)
    SPI_SSOutputCmd                          0x080041c1   Thumb Code    24  stm32f4xx_spi.o(.text)
    SPI_TIModeCmd                            0x080041d9   Thumb Code    24  stm32f4xx_spi.o(.text)
    I2S_FullDuplexConfig                     0x080041f1   Thumb Code    80  stm32f4xx_spi.o(.text)
    SPI_I2S_ReceiveData                      0x08004241   Thumb Code     6  stm32f4xx_spi.o(.text)
    SPI_I2S_SendData                         0x08004247   Thumb Code     4  stm32f4xx_spi.o(.text)
    SPI_CalculateCRC                         0x0800424b   Thumb Code    24  stm32f4xx_spi.o(.text)
    SPI_TransmitCRC                          0x08004263   Thumb Code    10  stm32f4xx_spi.o(.text)
    SPI_GetCRC                               0x0800426d   Thumb Code    16  stm32f4xx_spi.o(.text)
    SPI_GetCRCPolynomial                     0x0800427d   Thumb Code     6  stm32f4xx_spi.o(.text)
    SPI_I2S_DMACmd                           0x08004283   Thumb Code    18  stm32f4xx_spi.o(.text)
    SPI_I2S_ITConfig                         0x08004295   Thumb Code    68  stm32f4xx_spi.o(.text)
    SPI_I2S_GetFlagStatus                    0x080042d9   Thumb Code    18  stm32f4xx_spi.o(.text)
    SPI_I2S_ClearFlag                        0x080042eb   Thumb Code     6  stm32f4xx_spi.o(.text)
    SPI_I2S_GetITStatus                      0x080042f1   Thumb Code    52  stm32f4xx_spi.o(.text)
    SPI_I2S_ClearITPendingBit                0x08004325   Thumb Code    20  stm32f4xx_spi.o(.text)
    DMA_DeInit                               0x08004339   Thumb Code   324  stm32f4xx_dma.o(.text)
    DMA_Init                                 0x0800447d   Thumb Code    82  stm32f4xx_dma.o(.text)
    DMA_StructInit                           0x080044cf   Thumb Code    34  stm32f4xx_dma.o(.text)
    DMA_Cmd                                  0x080044f1   Thumb Code    22  stm32f4xx_dma.o(.text)
    DMA_PeriphIncOffsetSizeConfig            0x08004507   Thumb Code    22  stm32f4xx_dma.o(.text)
    DMA_FlowControllerConfig                 0x0800451d   Thumb Code    22  stm32f4xx_dma.o(.text)
    DMA_SetCurrDataCounter                   0x08004533   Thumb Code     4  stm32f4xx_dma.o(.text)
    DMA_GetCurrDataCounter                   0x08004537   Thumb Code     8  stm32f4xx_dma.o(.text)
    DMA_DoubleBufferModeConfig               0x0800453f   Thumb Code    24  stm32f4xx_dma.o(.text)
    DMA_DoubleBufferModeCmd                  0x08004557   Thumb Code    22  stm32f4xx_dma.o(.text)
    DMA_MemoryTargetConfig                   0x0800456d   Thumb Code    10  stm32f4xx_dma.o(.text)
    DMA_GetCurrentMemoryTarget               0x08004577   Thumb Code    20  stm32f4xx_dma.o(.text)
    DMA_GetCmdStatus                         0x0800458b   Thumb Code    20  stm32f4xx_dma.o(.text)
    DMA_GetFIFOStatus                        0x0800459f   Thumb Code    12  stm32f4xx_dma.o(.text)
    DMA_GetFlagStatus                        0x080045ab   Thumb Code    56  stm32f4xx_dma.o(.text)
    DMA_ClearFlag                            0x080045e3   Thumb Code    40  stm32f4xx_dma.o(.text)
    DMA_ITConfig                             0x0800460b   Thumb Code    58  stm32f4xx_dma.o(.text)
    DMA_GetITStatus                          0x08004645   Thumb Code    84  stm32f4xx_dma.o(.text)
    DMA_ClearITPendingBit                    0x08004699   Thumb Code    40  stm32f4xx_dma.o(.text)
    PID_Init                                 0x080046e1   Thumb Code    58  pid.o(.text)
    PID_Calc                                 0x0800471b   Thumb Code   342  pid.o(.text)
    MyAbs                                    0x08004871   Thumb Code    26  pid.o(.text)
    SetWorkState                             0x08004895   Thumb Code     6  control.o(.text)
    GetWorkState                             0x0800489b   Thumb Code     6  control.o(.text)
    Hardware_Init                            0x080048a1   Thumb Code    54  control.o(.text)
    Date_Init                                0x080048d7   Thumb Code   112  control.o(.text)
    Lift_Calibration                         0x08004947   Thumb Code   400  control.o(.text)
    TopplingPreventing                       0x08004ad7   Thumb Code   350  control.o(.text)
    RampBegin_CM34                           0x08004c35   Thumb Code    12  control.o(.text)
    RampBegin_CM12                           0x08004c41   Thumb Code    12  control.o(.text)
    LiftRmap_Detaction                       0x08004c4d   Thumb Code   420  control.o(.text)
    SteppMotor_Init                          0x08004df1   Thumb Code   196  control.o(.text)
    RampBegin_ST1                            0x08004eb5   Thumb Code    12  control.o(.text)
    SteppingMotor1_Set                       0x08004ec1   Thumb Code   230  control.o(.text)
    RampBegin_ST2                            0x08004fa7   Thumb Code    12  control.o(.text)
    SteppingMotor2_Set                       0x08004fb3   Thumb Code   230  control.o(.text)
    RampCalc_ST1                             0x08005099   Thumb Code    82  control.o(.text)
    RampCalc_ST2                             0x080050eb   Thumb Code   134  control.o(.text)
    RampCalc_CM12                            0x08005171   Thumb Code    82  control.o(.text)
    RampCalc_CM34                            0x080051c3   Thumb Code    82  control.o(.text)
    SteppingMotor1_Run                       0x08005215   Thumb Code   138  control.o(.text)
    SteppingMotor2_Run                       0x0800529f   Thumb Code   140  control.o(.text)
    Servo_ALL                                0x0800532b   Thumb Code    44  control.o(.text)
    Servo_Video                              0x08005357   Thumb Code    26  control.o(.text)
    Lift_Anterior                            0x08005371   Thumb Code    46  control.o(.text)
    Lift_Posterior                           0x0800539f   Thumb Code    46  control.o(.text)
    Lift_Bullet                              0x080053cd   Thumb Code    58  control.o(.text)
    Ascend_Island                            0x08005407   Thumb Code   204  control.o(.text)
    Descend_Island                           0x080054d3   Thumb Code   328  control.o(.text)
    TakeBullets                              0x0800561b   Thumb Code    68  control.o(.text)
    VideoRelay_Init                          0x08005685   Thumb Code    60  keyboard.o(.text)
    Res_Deal                                 0x080056c1   Thumb Code    46  keyboard.o(.text)
    ButtonStatu_Verdict                      0x080056ef   Thumb Code    56  keyboard.o(.text)
    KeyQ_Deal                                0x08005727   Thumb Code   164  keyboard.o(.text)
    KeyG_Deal                                0x080057cb   Thumb Code    58  keyboard.o(.text)
    KeyF_Deal                                0x08005805   Thumb Code    46  keyboard.o(.text)
    KeyB_Deal                                0x08005833   Thumb Code    58  keyboard.o(.text)
    KeyV_Deal                                0x0800586d   Thumb Code    46  keyboard.o(.text)
    KeyE_Deal                                0x0800589b   Thumb Code    50  keyboard.o(.text)
    KeyR_Deal                                0x080058cd   Thumb Code   104  keyboard.o(.text)
    KeyC_Deal                                0x08005935   Thumb Code   130  keyboard.o(.text)
    MainBoard_Deal                           0x080059b7   Thumb Code    72  keyboard.o(.text)
    TakeBullet                               0x080059ff   Thumb Code   472  keyboard.o(.text)
    MPU6500_Write_Reg                        0x08005be9   Thumb Code    50  imu.o(.text)
    MPU6500_Read_Reg                         0x08005c1b   Thumb Code    52  imu.o(.text)
    MPU6500_Read_Regs                        0x08005c4f   Thumb Code    30  imu.o(.text)
    IST8310_Init                             0x08005d73   Thumb Code   240  imu.o(.text)
    MPU6500_Set_Accel_Fsr                    0x08005e63   Thumb Code    16  imu.o(.text)
    MPU6500_Set_Gyro_Fsr                     0x08005e73   Thumb Code    16  imu.o(.text)
    IMU_Get_Data                             0x08005e83   Thumb Code   826  imu.o(.text)
    MPU6500_Init                             0x080061bd   Thumb Code    74  imu.o(.text)
    IMU_EX_Init                              0x0800621d   Thumb Code   260  imu_ex.o(.text)
    DMA1_Stream1_IRQHandler                  0x08006321   Thumb Code   436  imu_ex.o(.text)
    __use_no_semihosting                     0x08006511   Thumb Code     2  use_no_semi_2.o(.text)
    __aeabi_memcpy4                          0x08006513   Thumb Code     0  rt_memcpy_w.o(.text)
    __aeabi_memcpy8                          0x08006513   Thumb Code     0  rt_memcpy_w.o(.text)
    __rt_memcpy_w                            0x08006513   Thumb Code   100  rt_memcpy_w.o(.text)
    _memcpy_lastbytes_aligned                0x0800655b   Thumb Code     0  rt_memcpy_w.o(.text)
    __use_two_region_memory                  0x08006577   Thumb Code     2  heapauxi.o(.text)
    __rt_heap_escrow$2region                 0x08006579   Thumb Code     2  heapauxi.o(.text)
    __rt_heap_expand$2region                 0x0800657b   Thumb Code     2  heapauxi.o(.text)
    __I$use$semihosting                      0x0800657d   Thumb Code     0  use_no_semi.o(.text)
    __use_no_semihosting_swi                 0x0800657d   Thumb Code     2  use_no_semi.o(.text)
    __user_setup_stackheap                   0x0800657f   Thumb Code    74  sys_stackheap_outer.o(.text)
    exit                                     0x080065c9   Thumb Code    12  exit.o(.text)
    __user_libspace                          0x080065d5   Thumb Code     8  libspace.o(.text)
    __user_perproc_libspace                  0x080065d5   Thumb Code     0  libspace.o(.text)
    __user_perthread_libspace                0x080065d5   Thumb Code     0  libspace.o(.text)
    __aeabi_dneg                             0x080065dd   Thumb Code     0  basic.o(x$fpl$basic)
    _dneg                                    0x080065dd   Thumb Code     6  basic.o(x$fpl$basic)
    __aeabi_fneg                             0x080065e3   Thumb Code     0  basic.o(x$fpl$basic)
    _fneg                                    0x080065e3   Thumb Code     6  basic.o(x$fpl$basic)
    _dabs                                    0x080065e9   Thumb Code     6  basic.o(x$fpl$basic)
    _fabs                                    0x080065ef   Thumb Code     6  basic.o(x$fpl$basic)
    __aeabi_d2f                              0x080065f5   Thumb Code     0  d2f.o(x$fpl$d2f)
    _d2f                                     0x080065f5   Thumb Code    98  d2f.o(x$fpl$d2f)
    __aeabi_dadd                             0x08006659   Thumb Code     0  daddsub_clz.o(x$fpl$dadd)
    _dadd                                    0x08006659   Thumb Code   332  daddsub_clz.o(x$fpl$dadd)
    __fpl_dcmp_Inf                           0x080067a9   Thumb Code    24  dcmpi.o(x$fpl$dcmpinf)
    __aeabi_ddiv                             0x080067c1   Thumb Code     0  ddiv.o(x$fpl$ddiv)
    _ddiv                                    0x080067c1   Thumb Code   552  ddiv.o(x$fpl$ddiv)
    __aeabi_d2iz                             0x08006a71   Thumb Code     0  dfix.o(x$fpl$dfix)
    _dfix                                    0x08006a71   Thumb Code    94  dfix.o(x$fpl$dfix)
    __aeabi_i2d                              0x08006acf   Thumb Code     0  dflt_clz.o(x$fpl$dflt)
    _dflt                                    0x08006acf   Thumb Code    46  dflt_clz.o(x$fpl$dflt)
    __aeabi_ui2d                             0x08006afd   Thumb Code     0  dflt_clz.o(x$fpl$dfltu)
    _dfltu                                   0x08006afd   Thumb Code    38  dflt_clz.o(x$fpl$dfltu)
    __aeabi_cdcmple                          0x08006b25   Thumb Code     0  dleqf.o(x$fpl$dleqf)
    _dcmple                                  0x08006b25   Thumb Code   120  dleqf.o(x$fpl$dleqf)
    __fpl_dcmple_InfNaN                      0x08006b87   Thumb Code     0  dleqf.o(x$fpl$dleqf)
    __aeabi_dmul                             0x08006b9d   Thumb Code     0  dmul.o(x$fpl$dmul)
    _dmul                                    0x08006b9d   Thumb Code   332  dmul.o(x$fpl$dmul)
    __fpl_dnaninf                            0x08006cf1   Thumb Code   156  dnaninf.o(x$fpl$dnaninf)
    __fpl_dretinf                            0x08006d8d   Thumb Code    12  dretinf.o(x$fpl$dretinf)
    __aeabi_cdrcmple                         0x08006d99   Thumb Code     0  drleqf.o(x$fpl$drleqf)
    _drcmple                                 0x08006d99   Thumb Code   108  drleqf.o(x$fpl$drleqf)
    __aeabi_dsub                             0x08006e05   Thumb Code     0  daddsub_clz.o(x$fpl$dsub)
    _dsub                                    0x08006e05   Thumb Code   464  daddsub_clz.o(x$fpl$dsub)
    __aeabi_f2d                              0x08006fd9   Thumb Code     0  f2d.o(x$fpl$f2d)
    _f2d                                     0x08006fd9   Thumb Code    86  f2d.o(x$fpl$f2d)
    __fpl_fnaninf                            0x0800702f   Thumb Code   140  fnaninf.o(x$fpl$fnaninf)
    _fp_init                                 0x080070bb   Thumb Code    10  fpinit.o(x$fpl$fpinit)
    __fplib_config_fpu_vfp                   0x080070c3   Thumb Code     0  fpinit.o(x$fpl$fpinit)
    __fplib_config_pureend_doubles           0x080070c3   Thumb Code     0  fpinit.o(x$fpl$fpinit)
    __fpl_fretinf                            0x080070c5   Thumb Code    10  fretinf.o(x$fpl$fretinf)
    __I$use$fp                               0x080070ce   Number         0  usenofp.o(x$fpl$usenofp)
    Region$$Table$$Base                      0x080070e4   Number         0  anon$$obj.o(Region$$Table)
    Region$$Table$$Limit                     0x08007104   Number         0  anon$$obj.o(Region$$Table)
    SystemCoreClock                          0x20000000   Data           4  system_stm32f4xx.o(.data)
    AHBPrescTable                            0x20000004   Data          16  system_stm32f4xx.o(.data)
    LED_PointStatu                           0x20000014   Data           1  led.o(.data)
    PID_Cycle                                0x20000018   Data           1  timer.o(.data)
    TimeCount_Common                         0x2000001c   Data           4  timer.o(.data)
    tem_send                                 0x20000020   Data           4  timer.o(.data)
    key                                      0x20000024   Data           1  exti.o(.data)
    __stdout                                 0x2000002c   Data           4  usart.o(.data)
    Res                                      0x20000030   Data           1  usart.o(.data)
    CM1_Position_Send                        0x20000044   Data           2  control.o(.data)
    CM2_Position_Send                        0x20000046   Data           2  control.o(.data)
    CM3_Position_Send                        0x20000048   Data           2  control.o(.data)
    CM4_Position_Send                        0x2000004a   Data           2  control.o(.data)
    waiting                                  0x2000004c   Data           1  control.o(.data)
    Calibration_Start                        0x2000004d   Data           1  control.o(.data)
    Calibration_Time_Count                   0x2000004e   Data           1  control.o(.data)
    stepmotor1_position_send                 0x20000050   Data           4  control.o(.data)
    stepmotor1_cycle_send                    0x20000054   Data           1  control.o(.data)
    stepmotor2_position_send                 0x20000058   Data           4  control.o(.data)
    stepmotor2_cycle_send                    0x2000005c   Data           1  control.o(.data)
    workState                                0x2000005d   Data           1  control.o(.data)
    Key1                                     0x20000060   Data           6  keyboard.o(.data)
    Key2                                     0x20000066   Data           6  keyboard.o(.data)
    Key3                                     0x2000006c   Data           6  keyboard.o(.data)
    Key4                                     0x20000072   Data           6  keyboard.o(.data)
    Key5                                     0x20000078   Data           6  keyboard.o(.data)
    Key6                                     0x2000007e   Data           6  keyboard.o(.data)
    Key7                                     0x20000084   Data           6  keyboard.o(.data)
    KeyQ                                     0x2000008a   Data           6  keyboard.o(.data)
    MainBoard_SendBuffer_L                   0x20000090   Data           1  keyboard.o(.data)
    MainBoard_SendBuffer_H                   0x20000091   Data           1  keyboard.o(.data)
    MainBoard_SendDate                       0x20000092   Data           1  keyboard.o(.data)
    tem_i                                    0x20000094   Data           4  keyboard.o(.data)
    KeyValue                                 0x20000098   Data           8  keyboard.o(.data)
    TakBult_STPCM                            0x200000a0   Data           1  keyboard.o(.data)
    TakBult_statu                            0x200000a1   Data           1  keyboard.o(.data)
    MPU_id                                   0x200000a2   Data           1  imu.o(.data)
    n                                        0x200000a8   Data           4  imu_ex.o(.data)
    b                                        0x200000ac   Data           4  imu_ex.o(.data)
    iii                                      0x200000b0   Data           4  imu_ex.o(.data)
    j                                        0x200000b4   Data           4  imu_ex.o(.data)
    real                                     0x200000b8   Data           4  imu_ex.o(.data)
    CM1_Speed_Feedback                       0x200000bc   Data          26  can.o(.bss)
    CM2_Speed_Feedback                       0x200000d6   Data          26  can.o(.bss)
    CM3_Speed_Feedback                       0x200000f0   Data          26  can.o(.bss)
    CM4_Speed_Feedback                       0x2000010a   Data          26  can.o(.bss)
    CM1_Position_Feedback                    0x20000124   Data          26  can.o(.bss)
    CM2_Position_Feedback                    0x2000013e   Data          26  can.o(.bss)
    CM3_Position_Feedback                    0x20000158   Data          26  can.o(.bss)
    CM4_Position_Feedback                    0x20000172   Data          26  can.o(.bss)
    rx_message                               0x2000018c   Data          20  can.o(.bss)
    CM1_Robust_Pid                           0x200001a0   Data          72  pid.o(.bss)
    CM2_Robust_Pid                           0x200001e8   Data          72  pid.o(.bss)
    CM3_Robust_Pid                           0x20000230   Data          72  pid.o(.bss)
    CM4_Robust_Pid                           0x20000278   Data          72  pid.o(.bss)
    Step1Ramp                                0x200002c0   Data          16  control.o(.bss)
    Step2Ramp                                0x200002d0   Data          16  control.o(.bss)
    CM12_Ramp                                0x200002e0   Data          16  control.o(.bss)
    CM34_Ramp                                0x200002f0   Data          16  control.o(.bss)
    StepMotor1                               0x20000300   Data          20  control.o(.bss)
    StepMotor2                               0x20000314   Data          20  control.o(.bss)
    Bullet                                   0x20000328   Data          12  keyboard.o(.bss)
    Imu_Deal                                 0x20000334   Data         116  imu.o(.bss)
    imu_data                                 0x200003a8   Data          20  imu.o(.bss)
    imu_data_offest                          0x200003bc   Data          20  imu.o(.bss)
    gyro_rx_buffer                           0x200003d0   Data          25  imu_ex.o(.bss)
    gyro_rx_buffer_Last                      0x200003e9   Data          25  imu_ex.o(.bss)
    gyro_rx_buffer_real                      0x20000402   Data          25  imu_ex.o(.bss)
    MPUEX                                    0x2000041c   Data          20  imu_ex.o(.bss)
    __libspace_start                         0x20000430   Data          96  libspace.o(.bss)
    __temporary_stack_top$libspace           0x20000490   Data           0  libspace.o(.bss)



==============================================================================

Memory Map of the image

  Image Entry point : 0x080001ad

  Load Region LR_IROM1 (Base: 0x08000000, Size: 0x000071c0, Max: 0x00200000, ABSOLUTE)

    Execution Region ER_IROM1 (Base: 0x08000000, Size: 0x00007104, Max: 0x00200000, ABSOLUTE)

    Base Addr    Size         Type   Attr      Idx    E Section Name        Object

    0x08000000   0x000001ac   Data   RO          517    RESET               startup_stm32f427_437xx.o
    0x080001ac   0x00000008   Code   RO          917  * !!!main             c_w.l(__main.o)
    0x080001b4   0x00000034   Code   RO         1114    !!!scatter          c_w.l(__scatter.o)
    0x080001e8   0x0000001a   Code   RO         1116    !!handler_copy      c_w.l(__scatter_copy.o)
    0x08000202   0x00000002   PAD
    0x08000204   0x0000001c   Code   RO         1118    !!handler_zi        c_w.l(__scatter_zi.o)
    0x08000220   0x00000002   Code   RO          989    .ARM.Collect$$libinit$$00000000  c_w.l(libinit.o)
    0x08000222   0x00000004   Code   RO          995    .ARM.Collect$$libinit$$00000001  c_w.l(libinit2.o)
    0x08000226   0x00000000   Code   RO          998    .ARM.Collect$$libinit$$00000004  c_w.l(libinit2.o)
    0x08000226   0x00000000   Code   RO         1001    .ARM.Collect$$libinit$$0000000A  c_w.l(libinit2.o)
    0x08000226   0x00000000   Code   RO         1003    .ARM.Collect$$libinit$$0000000C  c_w.l(libinit2.o)
    0x08000226   0x00000000   Code   RO         1005    .ARM.Collect$$libinit$$0000000E  c_w.l(libinit2.o)
    0x08000226   0x00000000   Code   RO         1008    .ARM.Collect$$libinit$$00000011  c_w.l(libinit2.o)
    0x08000226   0x00000000   Code   RO         1010    .ARM.Collect$$libinit$$00000013  c_w.l(libinit2.o)
    0x08000226   0x00000000   Code   RO         1012    .ARM.Collect$$libinit$$00000015  c_w.l(libinit2.o)
    0x08000226   0x00000000   Code   RO         1014    .ARM.Collect$$libinit$$00000017  c_w.l(libinit2.o)
    0x08000226   0x00000000   Code   RO         1016    .ARM.Collect$$libinit$$00000019  c_w.l(libinit2.o)
    0x08000226   0x00000000   Code   RO         1018    .ARM.Collect$$libinit$$0000001B  c_w.l(libinit2.o)
    0x08000226   0x00000000   Code   RO         1020    .ARM.Collect$$libinit$$0000001D  c_w.l(libinit2.o)
    0x08000226   0x00000000   Code   RO         1022    .ARM.Collect$$libinit$$0000001F  c_w.l(libinit2.o)
    0x08000226   0x00000000   Code   RO         1024    .ARM.Collect$$libinit$$00000021  c_w.l(libinit2.o)
    0x08000226   0x00000000   Code   RO         1026    .ARM.Collect$$libinit$$00000023  c_w.l(libinit2.o)
    0x08000226   0x00000000   Code   RO         1028    .ARM.Collect$$libinit$$00000025  c_w.l(libinit2.o)
    0x08000226   0x00000000   Code   RO         1032    .ARM.Collect$$libinit$$0000002C  c_w.l(libinit2.o)
    0x08000226   0x00000000   Code   RO         1034    .ARM.Collect$$libinit$$0000002E  c_w.l(libinit2.o)
    0x08000226   0x00000000   Code   RO         1036    .ARM.Collect$$libinit$$00000030  c_w.l(libinit2.o)
    0x08000226   0x00000000   Code   RO         1038    .ARM.Collect$$libinit$$00000032  c_w.l(libinit2.o)
    0x08000226   0x00000002   Code   RO         1039    .ARM.Collect$$libinit$$00000033  c_w.l(libinit2.o)
    0x08000228   0x00000002   Code   RO         1057    .ARM.Collect$$libshutdown$$00000000  c_w.l(libshutdown.o)
    0x0800022a   0x00000000   Code   RO         1068    .ARM.Collect$$libshutdown$$00000003  c_w.l(libshutdown2.o)
    0x0800022a   0x00000000   Code   RO         1071    .ARM.Collect$$libshutdown$$00000006  c_w.l(libshutdown2.o)
    0x0800022a   0x00000000   Code   RO         1074    .ARM.Collect$$libshutdown$$00000009  c_w.l(libshutdown2.o)
    0x0800022a   0x00000000   Code   RO         1076    .ARM.Collect$$libshutdown$$0000000B  c_w.l(libshutdown2.o)
    0x0800022a   0x00000000   Code   RO         1079    .ARM.Collect$$libshutdown$$0000000E  c_w.l(libshutdown2.o)
    0x0800022a   0x00000002   Code   RO         1080    .ARM.Collect$$libshutdown$$0000000F  c_w.l(libshutdown2.o)
    0x0800022c   0x00000000   Code   RO          953    .ARM.Collect$$rtentry$$00000000  c_w.l(__rtentry.o)
    0x0800022c   0x00000000   Code   RO          966    .ARM.Collect$$rtentry$$00000002  c_w.l(__rtentry2.o)
    0x0800022c   0x00000006   Code   RO          978    .ARM.Collect$$rtentry$$00000004  c_w.l(__rtentry4.o)
    0x08000232   0x00000000   Code   RO          968    .ARM.Collect$$rtentry$$00000009  c_w.l(__rtentry2.o)
    0x08000232   0x00000004   Code   RO          969    .ARM.Collect$$rtentry$$0000000A  c_w.l(__rtentry2.o)
    0x08000236   0x00000000   Code   RO          971    .ARM.Collect$$rtentry$$0000000C  c_w.l(__rtentry2.o)
    0x08000236   0x00000008   Code   RO          972    .ARM.Collect$$rtentry$$0000000D  c_w.l(__rtentry2.o)
    0x0800023e   0x00000002   Code   RO          993    .ARM.Collect$$rtexit$$00000000  c_w.l(rtexit.o)
    0x08000240   0x00000000   Code   RO         1041    .ARM.Collect$$rtexit$$00000002  c_w.l(rtexit2.o)
    0x08000240   0x00000004   Code   RO         1042    .ARM.Collect$$rtexit$$00000003  c_w.l(rtexit2.o)
    0x08000244   0x00000006   Code   RO         1043    .ARM.Collect$$rtexit$$00000004  c_w.l(rtexit2.o)
    0x0800024a   0x00000002   PAD
    0x0800024c   0x00000110   Code   RO            3    .text               main.o
    0x0800035c   0x0000001a   Code   RO          192    .text               stm32f4xx_it.o
    0x08000376   0x00000002   PAD
    0x08000378   0x00000244   Code   RO          241    .text               system_stm32f4xx.o
    0x080005bc   0x000000e8   Code   RO          267    .text               led.o
    0x080006a4   0x00000084   Code   RO          294    .text               key.o
    0x08000728   0x000002b0   Code   RO          315    .text               can.o
    0x080009d8   0x000002f0   Code   RO          341    .text               pwm.o
    0x08000cc8   0x0000068c   Code   RO          361    .text               timer.o
    0x08001354   0x0000006c   Code   RO          396    .text               exti.o
    0x080013c0   0x00000154   Code   RO          422    .text               spi.o
    0x08001514   0x00000104   Code   RO          442    .text               delay.o
    0x08001618   0x00000200   Code   RO          482    .text               usart.o
    0x08001818   0x00000040   Code   RO          518    .text               startup_stm32f427_437xx.o
    0x08001858   0x000000e0   Code   RO          524    .text               misc.o
    0x08001938   0x00000294   Code   RO          544    .text               stm32f4xx_gpio.o
    0x08001bcc   0x00000660   Code   RO          564    .text               stm32f4xx_rcc.o
    0x0800222c   0x00000094   Code   RO          586    .text               stm32f4xx_syscfg.o
    0x080022c0   0x00000454   Code   RO          606    .text               stm32f4xx_usart.o
    0x08002714   0x000009f0   Code   RO          626    .text               stm32f4xx_can.o
    0x08003104   0x00000ca2   Code   RO          646    .text               stm32f4xx_tim.o
    0x08003da6   0x00000002   PAD
    0x08003da8   0x00000110   Code   RO          666    .text               stm32f4xx_exti.o
    0x08003eb8   0x00000480   Code   RO          686    .text               stm32f4xx_spi.o
    0x08004338   0x000003a8   Code   RO          706    .text               stm32f4xx_dma.o
    0x080046e0   0x000001b4   Code   RO          726    .text               pid.o
    0x08004894   0x00000df0   Code   RO          752    .text               control.o
    0x08005684   0x00000564   Code   RO          783    .text               keyboard.o
    0x08005be8   0x00000634   Code   RO          811    .text               imu.o
    0x0800621c   0x000002f4   Code   RO          880    .text               imu_ex.o
    0x08006510   0x00000002   Code   RO          911    .text               c_w.l(use_no_semi_2.o)
    0x08006512   0x00000064   Code   RO          913    .text               c_w.l(rt_memcpy_w.o)
    0x08006576   0x00000006   Code   RO          915    .text               c_w.l(heapauxi.o)
    0x0800657c   0x00000002   Code   RO          951    .text               c_w.l(use_no_semi.o)
    0x0800657e   0x0000004a   Code   RO          980    .text               c_w.l(sys_stackheap_outer.o)
    0x080065c8   0x0000000c   Code   RO          982    .text               c_w.l(exit.o)
    0x080065d4   0x00000008   Code   RO          990    .text               c_w.l(libspace.o)
    0x080065dc   0x00000018   Code   RO          919    x$fpl$basic         fz_wm.l(basic.o)
    0x080065f4   0x00000062   Code   RO          921    x$fpl$d2f           fz_wm.l(d2f.o)
    0x08006656   0x00000002   PAD
    0x08006658   0x00000150   Code   RO          923    x$fpl$dadd          fz_wm.l(daddsub_clz.o)
    0x080067a8   0x00000018   Code   RO          954    x$fpl$dcmpinf       fz_wm.l(dcmpi.o)
    0x080067c0   0x000002b0   Code   RO          930    x$fpl$ddiv          fz_wm.l(ddiv.o)
    0x08006a70   0x0000005e   Code   RO          933    x$fpl$dfix          fz_wm.l(dfix.o)
    0x08006ace   0x0000002e   Code   RO          938    x$fpl$dflt          fz_wm.l(dflt_clz.o)
    0x08006afc   0x00000026   Code   RO          937    x$fpl$dfltu         fz_wm.l(dflt_clz.o)
    0x08006b22   0x00000002   PAD
    0x08006b24   0x00000078   Code   RO          943    x$fpl$dleqf         fz_wm.l(dleqf.o)
    0x08006b9c   0x00000154   Code   RO          945    x$fpl$dmul          fz_wm.l(dmul.o)
    0x08006cf0   0x0000009c   Code   RO          956    x$fpl$dnaninf       fz_wm.l(dnaninf.o)
    0x08006d8c   0x0000000c   Code   RO          958    x$fpl$dretinf       fz_wm.l(dretinf.o)
    0x08006d98   0x0000006c   Code   RO          947    x$fpl$drleqf        fz_wm.l(drleqf.o)
    0x08006e04   0x000001d4   Code   RO          925    x$fpl$dsub          fz_wm.l(daddsub_clz.o)
    0x08006fd8   0x00000056   Code   RO          949    x$fpl$f2d           fz_wm.l(f2d.o)
    0x0800702e   0x0000008c   Code   RO          960    x$fpl$fnaninf       fz_wm.l(fnaninf.o)
    0x080070ba   0x0000000a   Code   RO         1049    x$fpl$fpinit        fz_wm.l(fpinit.o)
    0x080070c4   0x0000000a   Code   RO          962    x$fpl$fretinf       fz_wm.l(fretinf.o)
    0x080070ce   0x00000000   Code   RO          964    x$fpl$usenofp       fz_wm.l(usenofp.o)
    0x080070ce   0x00000002   PAD
    0x080070d0   0x00000014   Data   RO          813    .constdata          imu.o
    0x080070e4   0x00000020   Data   RO         1112    Region$$Table       anon$$obj.o


    Execution Region RW_IRAM1 (Base: 0x20000000, Size: 0x00000a90, Max: 0x00030000, ABSOLUTE)

    Base Addr    Size         Type   Attr      Idx    E Section Name        Object

    0x20000000   0x00000014   Data   RW          242    .data               system_stm32f4xx.o
    0x20000014   0x00000001   Data   RW          268    .data               led.o
    0x20000015   0x00000001   Data   RW          295    .data               key.o
    0x20000016   0x00000002   PAD
    0x20000018   0x0000000c   Data   RW          362    .data               timer.o
    0x20000024   0x00000001   Data   RW          397    .data               exti.o
    0x20000025   0x00000001   PAD
    0x20000026   0x00000004   Data   RW          443    .data               delay.o
    0x2000002a   0x00000002   PAD
    0x2000002c   0x00000005   Data   RW          483    .data               usart.o
    0x20000031   0x00000010   Data   RW          565    .data               stm32f4xx_rcc.o
    0x20000041   0x00000003   PAD
    0x20000044   0x0000001a   Data   RW          754    .data               control.o
    0x2000005e   0x00000002   PAD
    0x20000060   0x00000042   Data   RW          785    .data               keyboard.o
    0x200000a2   0x00000006   Data   RW          814    .data               imu.o
    0x200000a8   0x00000014   Data   RW          882    .data               imu_ex.o
    0x200000bc   0x000000e4   Zero   RW          316    .bss                can.o
    0x200001a0   0x00000120   Zero   RW          727    .bss                pid.o
    0x200002c0   0x00000068   Zero   RW          753    .bss                control.o
    0x20000328   0x0000000c   Zero   RW          784    .bss                keyboard.o
    0x20000334   0x0000009c   Zero   RW          812    .bss                imu.o
    0x200003d0   0x00000060   Zero   RW          881    .bss                imu_ex.o
    0x20000430   0x00000060   Zero   RW          991    .bss                c_w.l(libspace.o)
    0x20000490   0x00000200   Zero   RW          516    HEAP                startup_stm32f427_437xx.o
    0x20000690   0x00000400   Zero   RW          515    STACK               startup_stm32f427_437xx.o


==============================================================================

Image component sizes


      Code (inc. data)   RO Data    RW Data    ZI Data      Debug   Object Name

       688         54          0          0        228       3949   can.o
      3568        376          0         26        104      10002   control.o
       260          8          0          4          0       1465   delay.o
       108          4          0          1          0        948   exti.o
      1588         60         20          6        156       7295   imu.o
       756         60          0         20         96       2436   imu_ex.o
       132          8          0          1          0        792   key.o
      1380        102          0         66         12       6987   keyboard.o
       232         26          0          1          0       3922   led.o
       272         54          0          0          0     320091   main.o
       224         20          0          0          0       1845   misc.o
       436         10          0          0        288       2564   pid.o
       752         18          0          0          0       2246   pwm.o
       340          8          0          0          0       1197   spi.o
        64         26        428          0       1536        840   startup_stm32f427_437xx.o
      2544         38          0          0          0       7996   stm32f4xx_can.o
       936         32          0          0          0       6321   stm32f4xx_dma.o
       272         10          0          0          0       2287   stm32f4xx_exti.o
       660         44          0          0          0       4121   stm32f4xx_gpio.o
        26          0          0          0          0       1234   stm32f4xx_it.o
      1632         54          0         16          0      12980   stm32f4xx_rcc.o
      1152         36          0          0          0       6869   stm32f4xx_spi.o
       148         12          0          0          0       1857   stm32f4xx_syscfg.o
      3234         60          0          0          0      22324   stm32f4xx_tim.o
      1108         34          0          0          0       7820   stm32f4xx_usart.o
       580         46          0         20          0       1847   system_stm32f4xx.o
      1676        182          0         12          0       1410   timer.o
       512         34          0          5          0      29998   usart.o

    ----------------------------------------------------------------------
     25284       1416        480        188       2420     473643   Object Totals
         0          0         32          0          0          0   (incl. Generated)
         4          0          0         10          0          0   (incl. Padding)

    ----------------------------------------------------------------------

      Code (inc. data)   RO Data    RW Data    ZI Data      Debug   Library Member Name

         8          0          0          0          0         68   __main.o
         0          0          0          0          0          0   __rtentry.o
        12          0          0          0          0          0   __rtentry2.o
         6          0          0          0          0          0   __rtentry4.o
        52          8          0          0          0          0   __scatter.o
        26          0          0          0          0          0   __scatter_copy.o
        28          0          0          0          0          0   __scatter_zi.o
        12          0          0          0          0         72   exit.o
         6          0          0          0          0        152   heapauxi.o
         2          0          0          0          0          0   libinit.o
         6          0          0          0          0          0   libinit2.o
         2          0          0          0          0          0   libshutdown.o
         2          0          0          0          0          0   libshutdown2.o
         8          4          0          0         96         68   libspace.o
       100          0          0          0          0         80   rt_memcpy_w.o
         2          0          0          0          0          0   rtexit.o
        10          0          0          0          0          0   rtexit2.o
        74          0          0          0          0         80   sys_stackheap_outer.o
         2          0          0          0          0         68   use_no_semi.o
         2          0          0          0          0         68   use_no_semi_2.o
        24          0          0          0          0        164   basic.o
        98          4          0          0          0        140   d2f.o
       804         16          0          0          0        368   daddsub_clz.o
        24          0          0          0          0        116   dcmpi.o
       688        140          0          0          0        256   ddiv.o
        94          4          0          0          0        140   dfix.o
        84          0          0          0          0        232   dflt_clz.o
       120          4          0          0          0        140   dleqf.o
       340         12          0          0          0        152   dmul.o
       156          4          0          0          0        140   dnaninf.o
        12          0          0          0          0        116   dretinf.o
       108          0          0          0          0        128   drleqf.o
        86          4          0          0          0        132   f2d.o
       140          4          0          0          0        132   fnaninf.o
        10          0          0          0          0        116   fpinit.o
        10          0          0          0          0        116   fretinf.o
         0          0          0          0          0          0   usenofp.o

    ----------------------------------------------------------------------
      3168        204          0          0         96       3244   Library Totals
        10          0          0          0          0          0   (incl. Padding)

    ----------------------------------------------------------------------

      Code (inc. data)   RO Data    RW Data    ZI Data      Debug   Library Name

       360         12          0          0         96        656   c_w.l
      2798        192          0          0          0       2588   fz_wm.l

    ----------------------------------------------------------------------
      3168        204          0          0         96       3244   Library Totals

    ----------------------------------------------------------------------

==============================================================================


      Code (inc. data)   RO Data    RW Data    ZI Data      Debug   

     28452       1620        480        188       2516     468979   Grand Totals
     28452       1620        480        188       2516     468979   ELF Image Totals
     28452       1620        480        188          0          0   ROM Totals

==============================================================================

    Total RO  Size (Code + RO Data)                28932 (  28.25kB)
    Total RW  Size (RW Data + ZI Data)              2704 (   2.64kB)
    Total ROM Size (Code + RO Data + RW Data)      29120 (  28.44kB)

==============================================================================

